Archive member included to satisfy reference by file (symbol)

.\CortexM3\ARM_GCC_541\Debug\potrobika.a(LEFT_PWM.o)
                              .\CortexM3\ARM_GCC_541\Debug\main.o (LEFT_PWM_WriteCompare)
.\CortexM3\ARM_GCC_541\Debug\potrobika.a(IR_FL1.o)
                              .\CortexM3\ARM_GCC_541\Debug\main.o (IR_FL1_Read)
.\CortexM3\ARM_GCC_541\Debug\potrobika.a(IR_FR2.o)
                              .\CortexM3\ARM_GCC_541\Debug\main.o (IR_FR2_Read)
.\CortexM3\ARM_GCC_541\Debug\potrobika.a(BSTARTGOMB.o)
                              .\CortexM3\ARM_GCC_541\Debug\main.o (BSTARTGOMB_Read)
.\CortexM3\ARM_GCC_541\Debug\potrobika.a(RIGHT_PWM.o)
                              .\CortexM3\ARM_GCC_541\Debug\main.o (RIGHT_PWM_WriteCompare)
.\CortexM3\ARM_GCC_541\Debug\potrobika.a(LEFT_MOTOR_DIR.o)
                              .\CortexM3\ARM_GCC_541\Debug\main.o (LEFT_MOTOR_DIR_Write)
.\CortexM3\ARM_GCC_541\Debug\potrobika.a(RIGHT_MOTOR_DIR.o)
                              .\CortexM3\ARM_GCC_541\Debug\main.o (RIGHT_MOTOR_DIR_Write)
.\CortexM3\ARM_GCC_541\Debug\potrobika.a(BSTOPGOMB.o)
                              .\CortexM3\ARM_GCC_541\Debug\main.o (BSTOPGOMB_Read)
.\CortexM3\ARM_GCC_541\Debug\potrobika.a(BLED3.o)
                              .\CortexM3\ARM_GCC_541\Debug\main.o (BLED3_Write)
.\CortexM3\ARM_GCC_541\Debug\potrobika.a(CyDmac.o)
                              .\CortexM3\ARM_GCC_541\Debug\Cm3Start.o (CyDmacConfigure)
.\CortexM3\ARM_GCC_541\Debug\potrobika.a(CyLib.o)
                              .\CortexM3\ARM_GCC_541\Debug\Cm3Start.o (CyHalt)
.\CortexM3\ARM_GCC_541\Debug\potrobika.a(cyPm.o)
                              .\CortexM3\ARM_GCC_541\Debug\potrobika.a(CyLib.o) (CyPmReadStatus)
.\CortexM3\ARM_GCC_541\Debug\potrobika.a(ADC_pot.o)
                              .\CortexM3\ARM_GCC_541\Debug\main.o (ADC_pot_Start)
.\CortexM3\ARM_GCC_541\Debug\potrobika.a(ADC_pot_INT.o)
                              .\CortexM3\ARM_GCC_541\Debug\potrobika.a(ADC_pot.o) (ADC_pot_ISR)
.\CortexM3\ARM_GCC_541\Debug\potrobika.a(ADC_pot_theACLK.o)
                              .\CortexM3\ARM_GCC_541\Debug\potrobika.a(ADC_pot.o) (ADC_pot_theACLK_SetModeRegister)
.\CortexM3\ARM_GCC_541\Debug\potrobika.a(LCD.o)
                              .\CortexM3\ARM_GCC_541\Debug\main.o (LCD_WriteControl)
.\CortexM3\ARM_GCC_541\Debug\potrobika.a(CyBootAsmGnu.o)
                              .\CortexM3\ARM_GCC_541\Debug\cyfitter_cfg.o (CyDelayCycles)
.\CortexM3\ARM_GCC_541\Debug\potrobika.a(CyFlash.o)
                              .\CortexM3\ARM_GCC_541\Debug\potrobika.a(cyPm.o) (CyFlash_SetWaitCycles)
.\CortexM3\ARM_GCC_541\Debug\potrobika.a(CySpc.o)
                              .\CortexM3\ARM_GCC_541\Debug\potrobika.a(CyFlash.o) (CySpcStart)
c:/program files (x86)/cypress/psoc creator/4.2/psoc creator/import/gnu/arm/5.4.1/bin/../lib/gcc/arm-none-eabi/5.4.1/armv7-m\libgcc.a(_arm_addsubdf3.o)
                              .\CortexM3\ARM_GCC_541\Debug\main.o (__aeabi_i2d)
c:/program files (x86)/cypress/psoc creator/4.2/psoc creator/import/gnu/arm/5.4.1/bin/../lib/gcc/arm-none-eabi/5.4.1/armv7-m\libgcc.a(_arm_muldivdf3.o)
                              .\CortexM3\ARM_GCC_541\Debug\main.o (__aeabi_dmul)
c:/program files (x86)/cypress/psoc creator/4.2/psoc creator/import/gnu/arm/5.4.1/bin/../lib/gcc/arm-none-eabi/5.4.1/armv7-m\libgcc.a(_arm_fixdfsi.o)
                              .\CortexM3\ARM_GCC_541\Debug\main.o (__aeabi_d2iz)
c:/program files (x86)/cypress/psoc creator/4.2/psoc creator/import/gnu/arm/5.4.1/bin/../lib/gcc/arm-none-eabi/5.4.1/armv7-m\libgcc.a(_arm_addsubsf3.o)
                              .\CortexM3\ARM_GCC_541\Debug\potrobika.a(ADC_pot.o) (__aeabi_i2f)
c:/program files (x86)/cypress/psoc creator/4.2/psoc creator/import/gnu/arm/5.4.1/bin/../lib/gcc/arm-none-eabi/5.4.1/armv7-m\libgcc.a(_arm_muldivsf3.o)
                              .\CortexM3\ARM_GCC_541\Debug\potrobika.a(ADC_pot.o) (__aeabi_fmul)
c:/program files (x86)/cypress/psoc creator/4.2/psoc creator/import/gnu/arm/5.4.1/bin/../lib/gcc/arm-none-eabi/5.4.1/armv7-m\libgcc.a(_aeabi_ldivmod.o)
                              .\CortexM3\ARM_GCC_541\Debug\potrobika.a(ADC_pot.o) (__aeabi_ldivmod)
c:/program files (x86)/cypress/psoc creator/4.2/psoc creator/import/gnu/arm/5.4.1/bin/../lib/gcc/arm-none-eabi/5.4.1/armv7-m\libgcc.a(_udivmoddi4.o)
                              c:/program files (x86)/cypress/psoc creator/4.2/psoc creator/import/gnu/arm/5.4.1/bin/../lib/gcc/arm-none-eabi/5.4.1/armv7-m\libgcc.a(_aeabi_ldivmod.o) (__udivmoddi4)
c:/program files (x86)/cypress/psoc creator/4.2/psoc creator/import/gnu/arm/5.4.1/bin/../lib/gcc/arm-none-eabi/5.4.1/armv7-m\libgcc.a(_dvmd_tls.o)
                              c:/program files (x86)/cypress/psoc creator/4.2/psoc creator/import/gnu/arm/5.4.1/bin/../lib/gcc/arm-none-eabi/5.4.1/armv7-m\libgcc.a(_aeabi_ldivmod.o) (__aeabi_ldiv0)
[...]
Memory Configuration

Name             Origin             Length             Attributes
rom              0x00000000         0x00040000         xr
ram              0x1fff8000         0x00010000         xrw
*default*        0x00000000         0xffffffff

Linker script and memory map

LOAD c:/program files (x86)/cypress/psoc creator/4.2/psoc creator/import/gnu/arm/5.4.1/bin/../lib/gcc/arm-none-eabi/5.4.1/armv7-m/crti.o
LOAD c:/program files (x86)/cypress/psoc creator/4.2/psoc creator/import/gnu/arm/5.4.1/bin/../lib/gcc/arm-none-eabi/5.4.1/armv7-m/crtbegin.o
LOAD c:/program files (x86)/cypress/psoc creator/4.2/psoc creator/import/gnu/arm/5.4.1/bin/../lib/gcc/arm-none-eabi/5.4.1/../../../../arm-none-eabi/lib/armv7-m/crt0.o
START GROUP
LOAD .\CortexM3\ARM_GCC_541\Debug\main.o
LOAD .\CortexM3\ARM_GCC_541\Debug\cyfitter_cfg.o
LOAD .\CortexM3\ARM_GCC_541\Debug\cymetadata.o
LOAD .\CortexM3\ARM_GCC_541\Debug\Cm3Start.o
LOAD .\CortexM3\ARM_GCC_541\Debug\potrobika.a
LOAD C:\Program Files (x86)\Cypress\PSoC Creator\4.2\PSoC Creator\psoc\content\cycomponentlibrary\CyComponentLibrary.cylib\CortexM3\ARM_GCC_541\Debug\CyComponentLibrary.a
END GROUP
START GROUP
LOAD c:/program files (x86)/cypress/psoc creator/4.2/psoc creator/import/gnu/arm/5.4.1/bin/../lib/gcc/arm-none-eabi/5.4.1/armv7-m\libgcc.a
LOAD c:/program files (x86)/cypress/psoc creator/4.2/psoc creator/import/gnu/arm/5.4.1/bin/../lib/gcc/arm-none-eabi/5.4.1/../../../../arm-none-eabi/lib/armv7-m\libg_nano.a
LOAD c:/program files (x86)/cypress/psoc creator/4.2/psoc creator/import/gnu/arm/5.4.1/bin/../lib/gcc/arm-none-eabi/5.4.1/../../../../arm-none-eabi/lib/armv7-m\libc_nano.a
END GROUP
START GROUP
LOAD c:/program files (x86)/cypress/psoc creator/4.2/psoc creator/import/gnu/arm/5.4.1/bin/../lib/gcc/arm-none-eabi/5.4.1/armv7-m\libgcc.a
LOAD c:/program files (x86)/cypress/psoc creator/4.2/psoc creator/import/gnu/arm/5.4.1/bin/../lib/gcc/arm-none-eabi/5.4.1/../../../../arm-none-eabi/lib/armv7-m\libc_nano.a
END GROUP
LOAD c:/program files (x86)/cypress/psoc creator/4.2/psoc creator/import/gnu/arm/5.4.1/bin/../lib/gcc/arm-none-eabi/5.4.1/armv7-m/crtend.o
LOAD c:/program files (x86)/cypress/psoc creator/4.2/psoc creator/import/gnu/arm/5.4.1/bin/../lib/gcc/arm-none-eabi/5.4.1/armv7-m/crtn.o
START GROUP
LOAD c:/program files (x86)/cypress/psoc creator/4.2/psoc creator/import/gnu/arm/5.4.1/bin/../lib/gcc/arm-none-eabi/5.4.1/armv7-m\libgcc.a
LOAD c:/program files (x86)/cypress/psoc creator/4.2/psoc creator/import/gnu/arm/5.4.1/bin/../lib/gcc/arm-none-eabi/5.4.1/../../../../arm-none-eabi/lib/armv7-m\libc.a
LOAD c:/program files (x86)/cypress/psoc creator/4.2/psoc creator/import/gnu/arm/5.4.1/bin/../lib/gcc/arm-none-eabi/5.4.1/../../../../arm-none-eabi/lib/armv7-m\libnosys.a
END GROUP
                0x00000000                CY_APPL_ORIGIN = 0x0
                0x00000100                CY_FLASH_ROW_SIZE = 0x100
                0x00000020                CY_ECC_ROW_SIZE = 0x20
                0x00000000                CY_EE_IN_BTLDR = 0x0
                0x00000000                CY_APPL_LOADABLE = 0x0
                0x00000800                CY_EE_SIZE = 0x800
                0x00000001                CY_APPL_NUM = 0x1
                0x00000001                CY_APPL_MAX = 0x1
                0x00000040                CY_METADATA_SIZE = 0x40
                0x00000000                CY_APPL_LOADABLE = 0x0
                0x00000000                CY_CHECKSUM_EXCLUDE_SIZE = ALIGN (0x0, CY_FLASH_ROW_SIZE)
                [!provide]                PROVIDE (__cy_heap_start, _end)
                0x00000001                PROVIDE (__cy_region_num, ((__cy_regions_end - __cy_regions) / 0x10))
                0x20008000                PROVIDE (__cy_stack, (ORIGIN (ram) + LENGTH (ram)))
                [!provide]                PROVIDE (__cy_heap_end, (__cy_stack - 0x800))

.cybootloader   0x00000000        0x0
 *(.cybootloader)
                0x00000000                appl1_start = CY_APPL_ORIGIN?CY_APPL_ORIGIN:ALIGN (CY_FLASH_ROW_SIZE)
                0x0001ff00                appl2_start = (appl1_start + ALIGN ((((LENGTH (rom) - appl1_start) - (0x2 * CY_FLASH_ROW_SIZE)) / 0x2), CY_FLASH_ROW_SIZE))
                0x00000000                appl_start = (CY_APPL_NUM == 0x1)?appl1_start:appl2_start
                0x00000000                ecc_offset = ((appl_start / CY_FLASH_ROW_SIZE) * CY_ECC_ROW_SIZE)
                0x00000000                ee_offset = (CY_APPL_LOADABLE && ! (CY_EE_IN_BTLDR))?((CY_EE_SIZE / CY_APPL_MAX) * (CY_APPL_NUM - 0x1)):0x0
                0x00000800                ee_size = (CY_APPL_LOADABLE && ! (CY_EE_IN_BTLDR))?(CY_EE_SIZE / CY_APPL_MAX):CY_EE_SIZE
                [!provide]                PROVIDE (CY_ECC_OFFSET, ecc_offset)

.text           0x00000000     0x18f2
 CREATE_OBJECT_SYMBOLS
                0x00000000                PROVIDE (__cy_interrupt_vector, RomVectors)
 *(.romvectors)
 .romvectors    0x00000000       0x10 .\CortexM3\ARM_GCC_541\Debug\Cm3Start.o
                0x00000000                RomVectors
                0x00000001                ASSERT ((. != __cy_interrupt_vector), No interrupt vector)
                0x00000001                ASSERT (CY_APPL_ORIGIN?(SIZEOF (.cybootloader) <= CY_APPL_ORIGIN):0x1, Wrong image location)
                0x00000010                PROVIDE (__cy_reset, Reset)
 *(.text.Reset)
 .text.Reset    0x00000010       0x18 .\CortexM3\ARM_GCC_541\Debug\Cm3Start.o
                0x00000010                Reset
                0x00000001                ASSERT ((. != __cy_reset), No reset code)
 *(.dma_init)
                0x00000001                ASSERT ((((appl_start + .) <= 0x10000) || 0x1), DMA Init must be within the first 64k of flash)
 *(.text .text.* .gnu.linkonce.t.*)
 .text          0x00000028       0x5c c:/program files (x86)/cypress/psoc creator/4.2/psoc creator/import/gnu/arm/5.4.1/bin/../lib/gcc/arm-none-eabi/5.4.1/armv7-m/crtbegin.o
 .text.setSpeeds
                0x00000084       0x48 .\CortexM3\ARM_GCC_541\Debug\main.o
                0x00000084                setSpeeds
 .text.MYTime   0x000000cc       0x20 .\CortexM3\ARM_GCC_541\Debug\main.o
                0x000000cc                MYTime
 *fill*         0x000000ec        0x4 
 .text.main     0x000000f0      0x2f8 .\CortexM3\ARM_GCC_541\Debug\main.o
                0x000000f0                main
 .text.CyClockStartupError
                0x000003e8        0x4 .\CortexM3\ARM_GCC_541\Debug\cyfitter_cfg.o
 .text.cfg_write_bytes32
                0x000003ec       0x34 .\CortexM3\ARM_GCC_541\Debug\cyfitter_cfg.o
 .text.CYMEMZERO
                0x00000420        0xc .\CortexM3\ARM_GCC_541\Debug\cyfitter_cfg.o
 .text.AnalogSetDefault
                0x0000042c       0xb0 .\CortexM3\ARM_GCC_541\Debug\cyfitter_cfg.o
 .text.CYCONFIGCPY
                0x000004dc        0x8 .\CortexM3\ARM_GCC_541\Debug\cyfitter_cfg.o
 .text.ClockSetup
                0x000004e4       0xf4 .\CortexM3\ARM_GCC_541\Debug\cyfitter_cfg.o
 .text.cyfitter_cfg
                0x000005d8      0x144 .\CortexM3\ARM_GCC_541\Debug\cyfitter_cfg.o
                0x000005d8                cyfitter_cfg
 .text.IntDefaultHandler
                0x0000071c       0x10 .\CortexM3\ARM_GCC_541\Debug\Cm3Start.o
                0x0000071c                IntDefaultHandler
 .text.Start_c  0x0000072c       0x4c .\CortexM3\ARM_GCC_541\Debug\Cm3Start.o
                0x0000072c                Start_c
 .text.initialize_psoc
                0x00000778       0x6c .\CortexM3\ARM_GCC_541\Debug\Cm3Start.o
                0x00000778                initialize_psoc
 .text.LEFT_PWM_Enable
                0x000007e4       0x28 .\CortexM3\ARM_GCC_541\Debug\potrobika.a(LEFT_PWM.o)
                0x000007e4                LEFT_PWM_Enable
 .text.LEFT_PWM_WritePeriod
                0x0000080c        0xc .\CortexM3\ARM_GCC_541\Debug\potrobika.a(LEFT_PWM.o)
                0x0000080c                LEFT_PWM_WritePeriod
 .text.LEFT_PWM_WriteCompare
                0x00000818        0xc .\CortexM3\ARM_GCC_541\Debug\potrobika.a(LEFT_PWM.o)
                0x00000818                LEFT_PWM_WriteCompare
 .text.LEFT_PWM_SetInterruptMode
                0x00000824        0xc .\CortexM3\ARM_GCC_541\Debug\potrobika.a(LEFT_PWM.o)
                0x00000824                LEFT_PWM_SetInterruptMode
 .text.LEFT_PWM_Init
                0x00000830       0x74 .\CortexM3\ARM_GCC_541\Debug\potrobika.a(LEFT_PWM.o)
                0x00000830                LEFT_PWM_Init
 .text.LEFT_PWM_Start
                0x000008a4       0x1c .\CortexM3\ARM_GCC_541\Debug\potrobika.a(LEFT_PWM.o)
                0x000008a4                LEFT_PWM_Start
 .text.IR_FL1_Read
                0x000008c0       0x10 .\CortexM3\ARM_GCC_541\Debug\potrobika.a(IR_FL1.o)
                0x000008c0                IR_FL1_Read
 .text.IR_FR2_Read
                0x000008d0        0xc .\CortexM3\ARM_GCC_541\Debug\potrobika.a(IR_FR2.o)
                0x000008d0                IR_FR2_Read
 .text.BSTARTGOMB_Read
                0x000008dc       0x10 .\CortexM3\ARM_GCC_541\Debug\potrobika.a(BSTARTGOMB.o)
                0x000008dc                BSTARTGOMB_Read
 .text.RIGHT_PWM_Enable
                0x000008ec       0x28 .\CortexM3\ARM_GCC_541\Debug\potrobika.a(RIGHT_PWM.o)
                0x000008ec                RIGHT_PWM_Enable
 .text.RIGHT_PWM_WritePeriod
                0x00000914        0xc .\CortexM3\ARM_GCC_541\Debug\potrobika.a(RIGHT_PWM.o)
                0x00000914                RIGHT_PWM_WritePeriod
 .text.RIGHT_PWM_WriteCompare
                0x00000920        0xc .\CortexM3\ARM_GCC_541\Debug\potrobika.a(RIGHT_PWM.o)
                0x00000920                RIGHT_PWM_WriteCompare
 .text.RIGHT_PWM_SetInterruptMode
                0x0000092c        0xc .\CortexM3\ARM_GCC_541\Debug\potrobika.a(RIGHT_PWM.o)
                0x0000092c                RIGHT_PWM_SetInterruptMode
 .text.RIGHT_PWM_Init
                0x00000938       0x74 .\CortexM3\ARM_GCC_541\Debug\potrobika.a(RIGHT_PWM.o)
                0x00000938                RIGHT_PWM_Init
 .text.RIGHT_PWM_Start
                0x000009ac       0x1c .\CortexM3\ARM_GCC_541\Debug\potrobika.a(RIGHT_PWM.o)
                0x000009ac                RIGHT_PWM_Start
 .text.LEFT_MOTOR_DIR_Write
                0x000009c8       0x18 .\CortexM3\ARM_GCC_541\Debug\potrobika.a(LEFT_MOTOR_DIR.o)
                0x000009c8                LEFT_MOTOR_DIR_Write
 .text.RIGHT_MOTOR_DIR_Write
                0x000009e0       0x18 .\CortexM3\ARM_GCC_541\Debug\potrobika.a(RIGHT_MOTOR_DIR.o)
                0x000009e0                RIGHT_MOTOR_DIR_Write
 .text.BSTOPGOMB_Read
                0x000009f8       0x10 .\CortexM3\ARM_GCC_541\Debug\potrobika.a(BSTOPGOMB.o)
                0x000009f8                BSTOPGOMB_Read
 .text.BLED3_Write
                0x00000a08       0x18 .\CortexM3\ARM_GCC_541\Debug\potrobika.a(BLED3.o)
                0x00000a08                BLED3_Write
 .text.CyDmacConfigure
                0x00000a20       0x34 .\CortexM3\ARM_GCC_541\Debug\potrobika.a(CyDmac.o)
                0x00000a20                CyDmacConfigure
 .text.CyHalt   0x00000a54        0x4 .\CortexM3\ARM_GCC_541\Debug\potrobika.a(CyLib.o)
                0x00000a54                CyHalt
 .text.CyDelay  0x00000a58       0x2c .\CortexM3\ARM_GCC_541\Debug\potrobika.a(CyLib.o)
                0x00000a58                CyDelay
 .text.CyDelayUs
                0x00000a84       0x14 .\CortexM3\ARM_GCC_541\Debug\potrobika.a(CyLib.o)
                0x00000a84                CyDelayUs
 .text.CyIntSetSysVector
                0x00000a98       0x28 .\CortexM3\ARM_GCC_541\Debug\potrobika.a(CyLib.o)
                0x00000a98                CyIntSetSysVector
 .text.CyIntSetVector
                0x00000ac0       0x28 .\CortexM3\ARM_GCC_541\Debug\potrobika.a(CyLib.o)
                0x00000ac0                CyIntSetVector
 .text.CyIntSetPriority
                0x00000ae8       0x30 .\CortexM3\ARM_GCC_541\Debug\potrobika.a(CyLib.o)
                0x00000ae8                CyIntSetPriority
 .text.CySysTickEnableInterrupt
                0x00000b18       0x10 .\CortexM3\ARM_GCC_541\Debug\potrobika.a(CyLib.o)
                0x00000b18                CySysTickEnableInterrupt
 .text.CySysTickEnable
                0x00000b28       0x18 .\CortexM3\ARM_GCC_541\Debug\potrobika.a(CyLib.o)
                0x00000b28                CySysTickEnable
 .text.CySysTickSetReload
                0x00000b40       0x10 .\CortexM3\ARM_GCC_541\Debug\potrobika.a(CyLib.o)
                0x00000b40                CySysTickSetReload
 .text.CySysTickGetValue
                0x00000b50       0x10 .\CortexM3\ARM_GCC_541\Debug\potrobika.a(CyLib.o)
                0x00000b50                CySysTickGetValue
 .text.CySysTickSetClockSource
                0x00000b60       0x20 .\CortexM3\ARM_GCC_541\Debug\potrobika.a(CyLib.o)
                0x00000b60                CySysTickSetClockSource
 .text.CySysTickGetCountFlag
                0x00000b80       0x10 .\CortexM3\ARM_GCC_541\Debug\potrobika.a(CyLib.o)
                0x00000b80                CySysTickGetCountFlag
 .text.CySysTickServiceCallbacks
                0x00000b90       0x28 .\CortexM3\ARM_GCC_541\Debug\potrobika.a(CyLib.o)
 .text.CySysTickClear
                0x00000bb8        0xc .\CortexM3\ARM_GCC_541\Debug\potrobika.a(CyLib.o)
                0x00000bb8                CySysTickClear
 .text.CySysTickInit
                0x00000bc4       0x58 .\CortexM3\ARM_GCC_541\Debug\potrobika.a(CyLib.o)
                0x00000bc4                CySysTickInit
 .text.CySysTickStart
                0x00000c1c       0x1c .\CortexM3\ARM_GCC_541\Debug\potrobika.a(CyLib.o)
                0x00000c1c                CySysTickStart
 .text.ADC_pot_CalcGain
                0x00000c38       0x64 .\CortexM3\ARM_GCC_541\Debug\potrobika.a(ADC_pot.o)
 .text.ADC_pot_Enable
                0x00000c9c       0x94 .\CortexM3\ARM_GCC_541\Debug\potrobika.a(ADC_pot.o)
                0x00000c9c                ADC_pot_Enable
 .text.ADC_pot_SetResolution
                0x00000d30       0x38 .\CortexM3\ARM_GCC_541\Debug\potrobika.a(ADC_pot.o)
                0x00000d30                ADC_pot_SetResolution
 .text.ADC_pot_Init
                0x00000d68       0x3c .\CortexM3\ARM_GCC_541\Debug\potrobika.a(ADC_pot.o)
                0x00000d68                ADC_pot_Init
 .text.ADC_pot_Start
                0x00000da4       0x1c .\CortexM3\ARM_GCC_541\Debug\potrobika.a(ADC_pot.o)
                0x00000da4                ADC_pot_Start
 .text.ADC_pot_StartConvert
                0x00000dc0       0x18 .\CortexM3\ARM_GCC_541\Debug\potrobika.a(ADC_pot.o)
                0x00000dc0                ADC_pot_StartConvert
 .text.ADC_pot_GetResult16
                0x00000dd8       0x18 .\CortexM3\ARM_GCC_541\Debug\potrobika.a(ADC_pot.o)
                0x00000dd8                ADC_pot_GetResult16
 .text.ADC_pot_ISR
                0x00000df0        0x4 .\CortexM3\ARM_GCC_541\Debug\potrobika.a(ADC_pot_INT.o)
                0x00000df0                ADC_pot_ISR
 .text.ADC_pot_theACLK_SetModeRegister
                0x00000df4       0x14 .\CortexM3\ARM_GCC_541\Debug\potrobika.a(ADC_pot_theACLK.o)
                0x00000df4                ADC_pot_theACLK_SetModeRegister
 .text.LCD_WrCntrlNib
                0x00000e08       0x34 .\CortexM3\ARM_GCC_541\Debug\potrobika.a(LCD.o)
 .text.LCD_WrDatNib
                0x00000e3c       0x44 .\CortexM3\ARM_GCC_541\Debug\potrobika.a(LCD.o)
 .text.LCD_IsReady
                0x00000e80       0xe4 .\CortexM3\ARM_GCC_541\Debug\potrobika.a(LCD.o)
                0x00000e80                LCD_IsReady
 .text.LCD_WriteData
                0x00000f64       0x18 .\CortexM3\ARM_GCC_541\Debug\potrobika.a(LCD.o)
                0x00000f64                LCD_WriteData
 .text.LCD_PutChar
                0x00000f7c        0x8 .\CortexM3\ARM_GCC_541\Debug\potrobika.a(LCD.o)
                0x00000f7c                LCD_PutChar
 .text.LCD_WriteControl
                0x00000f84       0x18 .\CortexM3\ARM_GCC_541\Debug\potrobika.a(LCD.o)
                0x00000f84                LCD_WriteControl
 .text.LCD_Init
                0x00000f9c       0x6c .\CortexM3\ARM_GCC_541\Debug\potrobika.a(LCD.o)
                0x00000f9c                LCD_Init
 .text.LCD_Enable
                0x00001008       0x14 .\CortexM3\ARM_GCC_541\Debug\potrobika.a(LCD.o)
                0x00001008                LCD_Enable
 .text.LCD_Start
                0x0000101c       0x1c .\CortexM3\ARM_GCC_541\Debug\potrobika.a(LCD.o)
                0x0000101c                LCD_Start
 .text.LCD_PrintInt8
                0x00001038       0x20 .\CortexM3\ARM_GCC_541\Debug\potrobika.a(LCD.o)
                0x00001038                LCD_PrintInt8
 .text.LCD_PrintInt16
                0x00001058       0x14 .\CortexM3\ARM_GCC_541\Debug\potrobika.a(LCD.o)
                0x00001058                LCD_PrintInt16
 *fill*         0x0000106c        0x4 
 .text          0x00001070       0x20 .\CortexM3\ARM_GCC_541\Debug\potrobika.a(CyBootAsmGnu.o)
                0x00001070                CyDelayCycles
                0x00001080                CyEnterCriticalSection
                0x00001088                CyExitCriticalSection
 .text          0x00001090      0x370 c:/program files (x86)/cypress/psoc creator/4.2/psoc creator/import/gnu/arm/5.4.1/bin/../lib/gcc/arm-none-eabi/5.4.1/armv7-m\libgcc.a(_arm_addsubdf3.o)
                0x00001090                __aeabi_drsub
                0x00001098                __aeabi_dsub
                0x00001098                __subdf3
                0x0000109c                __aeabi_dadd
                0x0000109c                __adddf3
                0x00001314                __floatunsidf
                0x00001314                __aeabi_ui2d
                0x00001334                __floatsidf
                0x00001334                __aeabi_i2d
                0x00001358                __aeabi_f2d
                0x00001358                __extendsfdf2
                0x00001394                __floatundidf
                0x00001394                __aeabi_ul2d
                0x000013a4                __floatdidf
                0x000013a4                __aeabi_l2d
 .text          0x00001400      0x424 c:/program files (x86)/cypress/psoc creator/4.2/psoc creator/import/gnu/arm/5.4.1/bin/../lib/gcc/arm-none-eabi/5.4.1/armv7-m\libgcc.a(_arm_muldivdf3.o)
                0x00001400                __aeabi_dmul
                0x00001400                __muldf3
                0x00001654                __divdf3
                0x00001654                __aeabi_ddiv
 .text          0x00001824       0x50 c:/program files (x86)/cypress/psoc creator/4.2/psoc creator/import/gnu/arm/5.4.1/bin/../lib/gcc/arm-none-eabi/5.4.1/armv7-m\libgcc.a(_arm_fixdfsi.o)
                0x00001824                __aeabi_d2iz
                0x00001824                __fixdfsi
 .text.__errno  0x00001874        0xc c:/program files (x86)/cypress/psoc creator/4.2/psoc creator/import/gnu/arm/5.4.1/bin/../lib/gcc/arm-none-eabi/5.4.1/../../../../arm-none-eabi/lib/armv7-m\libg_nano.a(lib_a-errno.o)
                0x00001874                __errno
 .text.__libc_init_array
                0x00001880       0x4c c:/program files (x86)/cypress/psoc creator/4.2/psoc creator/import/gnu/arm/5.4.1/bin/../lib/gcc/arm-none-eabi/5.4.1/../../../../arm-none-eabi/lib/armv7-m\libg_nano.a(lib_a-init.o)
                0x00001880                __libc_init_array
 .text.memcpy   0x000018cc       0x16 c:/program files (x86)/cypress/psoc creator/4.2/psoc creator/import/gnu/arm/5.4.1/bin/../lib/gcc/arm-none-eabi/5.4.1/../../../../arm-none-eabi/lib/armv7-m\libg_nano.a(lib_a-memcpy-stub.o)
                0x000018cc                memcpy
 .text.memset   0x000018e2       0x10 c:/program files (x86)/cypress/psoc creator/4.2/psoc creator/import/gnu/arm/5.4.1/bin/../lib/gcc/arm-none-eabi/5.4.1/../../../../arm-none-eabi/lib/armv7-m\libg_nano.a(lib_a-memset.o)
                0x000018e2                memset
 *(.plt)
 *(.gnu.warning)
 *(.glue_7t)
 .glue_7t       0x000018f2        0x0 linker stubs
 *(.glue_7)
 .glue_7        0x000018f2        0x0 linker stubs
 *(.vfp11_veneer)
 .vfp11_veneer  0x000018f2        0x0 linker stubs
 *(.bootloader)
 *(.ARM.extab* .gnu.linkonce.armextab.*)
 *(.gcc_except_table)

.v4_bx          0x000018f4        0x0
 .v4_bx         0x000018f4        0x0 linker stubs

.iplt           0x000018f4        0x0
 .iplt          0x000018f4        0x0 c:/program files (x86)/cypress/psoc creator/4.2/psoc creator/import/gnu/arm/5.4.1/bin/../lib/gcc/arm-none-eabi/5.4.1/armv7-m/crtbegin.o

.eh_frame_hdr
 *(.eh_frame_hdr)

.eh_frame       0x000018f4        0x4
 *(.eh_frame)
 .eh_frame      0x000018f4        0x0 c:/program files (x86)/cypress/psoc creator/4.2/psoc creator/import/gnu/arm/5.4.1/bin/../lib/gcc/arm-none-eabi/5.4.1/armv7-m/crtbegin.o
 .eh_frame      0x000018f4        0x4 c:/program files (x86)/cypress/psoc creator/4.2/psoc creator/import/gnu/arm/5.4.1/bin/../lib/gcc/arm-none-eabi/5.4.1/armv7-m/crtend.o
                [!provide]                PROVIDE (__exidx_start, .)

.ARM.exidx
 *(.ARM.exidx* .gnu.linkonce.armexidx.*)
                0x000018f8                __exidx_end = .

.rodata         0x000018f8       0x80
 *(.rodata .rodata.* .gnu.linkonce.r.*)
 .rodata        0x000018f8       0x36 .\CortexM3\ARM_GCC_541\Debug\cyfitter_cfg.o
 *fill*         0x0000192e        0x2 
 .rodata        0x00001930       0x10 .\CortexM3\ARM_GCC_541\Debug\potrobika.a(LCD.o)
 .rodata.str1.1
                0x00001940        0x2 c:/program files (x86)/cypress/psoc creator/4.2/psoc creator/import/gnu/arm/5.4.1/bin/../lib/gcc/arm-none-eabi/5.4.1/../../../../arm-none-eabi/lib/armv7-m\libg_nano.a(lib_a-impure.o)
                0x00001944                . = ALIGN (0x4)
 *fill*         0x00001942        0x2 
 *(.init)
 .init          0x00001944        0x4 c:/program files (x86)/cypress/psoc creator/4.2/psoc creator/import/gnu/arm/5.4.1/bin/../lib/gcc/arm-none-eabi/5.4.1/armv7-m/crti.o
                0x00001944                _init
 .init          0x00001948        0x8 c:/program files (x86)/cypress/psoc creator/4.2/psoc creator/import/gnu/arm/5.4.1/bin/../lib/gcc/arm-none-eabi/5.4.1/armv7-m/crtn.o
                0x00001950                . = ALIGN (0x4)
                0x00001950                __preinit_array_start = .
 *(.preinit_array)
                0x00001950                __preinit_array_end = .
                0x00001950                . = ALIGN (0x4)
                0x00001950                __init_array_start = .
 *(SORT(.init_array.*))
 *(.init_array)
 .init_array    0x00001950        0x4 c:/program files (x86)/cypress/psoc creator/4.2/psoc creator/import/gnu/arm/5.4.1/bin/../lib/gcc/arm-none-eabi/5.4.1/armv7-m/crtbegin.o
 .init_array    0x00001954        0x4 .\CortexM3\ARM_GCC_541\Debug\Cm3Start.o
                0x00001958                __init_array_end = .
                0x00001958                . = ALIGN (0x4)
 *(.fini)
 .fini          0x00001958        0x4 c:/program files (x86)/cypress/psoc creator/4.2/psoc creator/import/gnu/arm/5.4.1/bin/../lib/gcc/arm-none-eabi/5.4.1/armv7-m/crti.o
                0x00001958                _fini
 .fini          0x0000195c        0x8 c:/program files (x86)/cypress/psoc creator/4.2/psoc creator/import/gnu/arm/5.4.1/bin/../lib/gcc/arm-none-eabi/5.4.1/armv7-m/crtn.o
                0x00001964                . = ALIGN (0x4)
                0x00001964                __fini_array_start = .
 *(.fini_array)
 .fini_array    0x00001964        0x4 c:/program files (x86)/cypress/psoc creator/4.2/psoc creator/import/gnu/arm/5.4.1/bin/../lib/gcc/arm-none-eabi/5.4.1/armv7-m/crtbegin.o
 *(SORT(.fini_array.*))
                0x00001968                __fini_array_end = .
                0x00001968                . = ALIGN (0x4)
 *crtbegin.o(.ctors)
 *(EXCLUDE_FILE(*crtend.o) .ctors)
 *(SORT(.ctors.*))
 *crtend.o(.ctors)
                0x00001968                . = ALIGN (0x4)
 *crtbegin.o(.dtors)
 *(EXCLUDE_FILE(*crtend.o) .dtors)
 *(SORT(.dtors.*))
 *crtend.o(.dtors)
                0x00001968                . = ALIGN (0x4)
                0x00001968                __cy_regions = .
                0x00001968        0x4 LONG 0x1978 __cy_region_init_ram
                0x0000196c        0x4 LONG 0x1fff80c8 __cy_region_start_data
                0x00001970        0x4 LONG 0x98 __cy_region_init_size_ram
                0x00001974        0x4 LONG 0x50 __cy_region_zero_size_ram
                0x00001978                __cy_regions_end = .
                0x00001978                . = ALIGN (0x8)
                0x00001978                _etext = .

.cy_checksum_exclude
                0x00001978        0x0
 *(.cy_checksum_exclude)

.ramvectors     0x1fff8000       0xc0
                0x1fff8000                __cy_region_start_ram = .
 *(.ramvectors)
 .ramvectors    0x1fff8000       0xc0 .\CortexM3\ARM_GCC_541\Debug\Cm3Start.o
                0x1fff8000                CyRamVectors

.noinit         0x1fff80c0        0x1
 *(.noinit)
 .noinit        0x1fff80c0        0x1 .\CortexM3\ARM_GCC_541\Debug\potrobika.a(CyLib.o)
                0x1fff80c0                CyResetStatus

.data           0x1fff80c8       0x98 load address 0x00001978
                0x1fff80c8                __cy_region_start_data = .
 *(.jcr)
 .jcr           0x1fff80c8        0x0 c:/program files (x86)/cypress/psoc creator/4.2/psoc creator/import/gnu/arm/5.4.1/bin/../lib/gcc/arm-none-eabi/5.4.1/armv7-m/crtbegin.o
 .jcr           0x1fff80c8        0x4 c:/program files (x86)/cypress/psoc creator/4.2/psoc creator/import/gnu/arm/5.4.1/bin/../lib/gcc/arm-none-eabi/5.4.1/armv7-m/crtend.o
 *(.got.plt)
 *(.got)
 *(.shdata)
 *(.data .data.* .gnu.linkonce.d.*)
 .data          0x1fff80cc       0x18 .\CortexM3\ARM_GCC_541\Debug\main.o
                0x1fff80cc                tomb
 .data          0x1fff80e4        0x8 .\CortexM3\ARM_GCC_541\Debug\potrobika.a(CyDmac.o)
 .data          0x1fff80ec       0x10 .\CortexM3\ARM_GCC_541\Debug\potrobika.a(CyLib.o)
                0x1fff80ec                cydelay_32k_ms
                0x1fff80f0                cydelay_freq_khz
                0x1fff80f4                cydelay_freq_mhz
                0x1fff80f8                cydelay_freq_hz
 .data.impure_data
                0x1fff80fc       0x60 c:/program files (x86)/cypress/psoc creator/4.2/psoc creator/import/gnu/arm/5.4.1/bin/../lib/gcc/arm-none-eabi/5.4.1/../../../../arm-none-eabi/lib/armv7-m\libg_nano.a(lib_a-impure.o)
 .data._impure_ptr
                0x1fff815c        0x4 c:/program files (x86)/cypress/psoc creator/4.2/psoc creator/import/gnu/arm/5.4.1/bin/../lib/gcc/arm-none-eabi/5.4.1/../../../../arm-none-eabi/lib/armv7-m\libg_nano.a(lib_a-impure.o)
                0x1fff815c                _impure_ptr
                0x1fff8160                . = ALIGN (0x8)
 *(.ram)
                0x1fff8160                _edata = .

.igot.plt       0x1fff8160        0x0 load address 0x00001a10
 .igot.plt      0x1fff8160        0x0 c:/program files (x86)/cypress/psoc creator/4.2/psoc creator/import/gnu/arm/5.4.1/bin/../lib/gcc/arm-none-eabi/5.4.1/armv7-m/crtbegin.o

.bss            0x1fff8160       0x50 load address 0x00001a10
                0x1fff8160                PROVIDE (__bss_start__, .)
 *(.shbss)
 *(.bss .bss.* .gnu.linkonce.b.*)
 .bss           0x1fff8160       0x1c c:/program files (x86)/cypress/psoc creator/4.2/psoc creator/import/gnu/arm/5.4.1/bin/../lib/gcc/arm-none-eabi/5.4.1/armv7-m/crtbegin.o
 .bss           0x1fff817c        0x4 .\CortexM3\ARM_GCC_541\Debug\main.o
                0x1fff817c                lastTime
 .bss           0x1fff8180        0x1 .\CortexM3\ARM_GCC_541\Debug\potrobika.a(LEFT_PWM.o)
                0x1fff8180                LEFT_PWM_initVar
 .bss           0x1fff8181        0x1 .\CortexM3\ARM_GCC_541\Debug\potrobika.a(RIGHT_PWM.o)
                0x1fff8181                RIGHT_PWM_initVar
 *fill*         0x1fff8182        0x2 
 .bss           0x1fff8184       0x1c .\CortexM3\ARM_GCC_541\Debug\potrobika.a(CyLib.o)
                0x1fff819c                CySysTickInitVar
 .bss           0x1fff81a0        0x1 .\CortexM3\ARM_GCC_541\Debug\potrobika.a(ADC_pot.o)
                0x1fff81a0                ADC_pot_initVar
 .bss           0x1fff81a1        0x2 .\CortexM3\ARM_GCC_541\Debug\potrobika.a(LCD.o)
                0x1fff81a1                LCD_enableState
                0x1fff81a2                LCD_initVar
 *(COMMON)
 *fill*         0x1fff81a3        0x1 
 COMMON         0x1fff81a4        0xa .\CortexM3\ARM_GCC_541\Debug\potrobika.a(ADC_pot.o)
                0x1fff81a4                ADC_pot_countsPer10Volt
                0x1fff81a8                ADC_pot_countsPerVolt
                0x1fff81aa                ADC_pot_shift
                0x1fff81ac                ADC_pot_offset
                0x1fff81b0                . = ALIGN (0x8)
 *fill*         0x1fff81ae        0x2 
 *(.ram.b)
                0x1fff81b0                _end = .
                0x1fff81b0                __end = .
                0x1fff81b0                PROVIDE (end, .)
                0x1fff81b0                PROVIDE (__bss_end__, .)
                0x00001978                __cy_region_init_ram = LOADADDR (.data)
                0x00000098                __cy_region_init_size_ram = (_edata - ADDR (.data))
                0x00000050                __cy_region_zero_size_ram = (_end - _edata)

.heap           0x1fff81b0       0x80 load address 0x00001a10
                0x1fff81b0                . = _end
                0x1fff8230                . = (. + 0x80)
 *fill*         0x1fff81b0       0x80 
                0x1fff8230                __cy_heap_limit = .

.stack          0x20007800      0x800
                0x20007800                __cy_stack_limit = .
                0x20008000                . = (. + 0x800)
 *fill*         0x20007800      0x800 
                0x00000001                ASSERT ((__cy_stack_limit >= __cy_heap_limit), region RAM overflowed with stack)
                0x00000000                cy_checksum_exclude_size = (CY_APPL_LOADABLE == 0x1)?SIZEOF (.cy_checksum_exclude):0x0
                0x00000001                ASSERT ((cy_checksum_exclude_size <= CY_CHECKSUM_EXCLUDE_SIZE), CY_BOOT: Section .cy_checksum_exclude size exceedes specified limit.)

.cyloadermeta
 *(.cyloadermeta)

.cyloadablemeta
 *(.cyloadablemeta)

.cyconfigecc    0x80000000      0x584
 *(.cyconfigecc)
 .cyconfigecc   0x80000000      0x584 .\CortexM3\ARM_GCC_541\Debug\cymetadata.o
                0x80000000                cy_meta_configecc

.cycustnvl      0x90000000        0x4
 *(.cycustnvl)
 .cycustnvl     0x90000000        0x4 .\CortexM3\ARM_GCC_541\Debug\cymetadata.o
                0x90000000                cy_meta_custnvl

.cywolatch      0x90100000        0x4
 *(.cywolatch)
 .cywolatch     0x90100000        0x4 .\CortexM3\ARM_GCC_541\Debug\cymetadata.o
                0x90100000                cy_meta_wonvl

.cyeeprom       0x90200000        0x0
 *(.cyeeprom)
                0x00000001                ASSERT ((. <= ((0x90200000 + ee_offset) + ee_size)), .cyeeprom data will not fit in EEPROM)

.cyflashprotect
                0x90400000      0x100
 *(.cyflashprotect)
 .cyflashprotect
                0x90400000      0x100 .\CortexM3\ARM_GCC_541\Debug\cymetadata.o
                0x90400000                cy_meta_flashprotect

.cymeta         0x90500000        0xc
 *(.cymeta)
 .cymeta        0x90500000        0xc .\CortexM3\ARM_GCC_541\Debug\cymetadata.o
                0x90500000                cy_metadata

.rel.dyn        0x00001a10        0x0 load address 0x9050000c
 .rel.iplt      0x00001a10        0x0 c:/program files (x86)/cypress/psoc creator/4.2/psoc creator/import/gnu/arm/5.4.1/bin/../lib/gcc/arm-none-eabi/5.4.1/armv7-m/crtbegin.o

.stab
 *(.stab)

.stabstr
 *(.stabstr)

.debug
 *(.debug)

.line
 *(.line)

.debug_srcinfo
 *(.debug_srcinfo)

.debug_sfnames
 *(.debug_sfnames)

.debug_aranges  0x00000000      0xa78
 *(.debug_aranges)
 .debug_aranges
                0x00000000       0x30 .\CortexM3\ARM_GCC_541\Debug\main.o
 .debug_aranges
                0x00000030       0x58 .\CortexM3\ARM_GCC_541\Debug\cyfitter_cfg.o
 .debug_aranges
                0x00000088       0x18 .\CortexM3\ARM_GCC_541\Debug\cymetadata.o
 .debug_aranges
                0x000000a0       0x48 .\CortexM3\ARM_GCC_541\Debug\Cm3Start.o
 .debug_aranges
                0x000000e8       0x78 .\CortexM3\ARM_GCC_541\Debug\potrobika.a(LEFT_PWM.o)
 .debug_aranges
                0x00000160       0x38 .\CortexM3\ARM_GCC_541\Debug\potrobika.a(IR_FL1.o)
 .debug_aranges
                0x00000198       0x38 .\CortexM3\ARM_GCC_541\Debug\potrobika.a(IR_FR2.o)
 .debug_aranges
                0x000001d0       0x38 .\CortexM3\ARM_GCC_541\Debug\potrobika.a(BSTARTGOMB.o)
 .debug_aranges
                0x00000208       0x78 .\CortexM3\ARM_GCC_541\Debug\potrobika.a(RIGHT_PWM.o)
 .debug_aranges
                0x00000280       0x38 .\CortexM3\ARM_GCC_541\Debug\potrobika.a(LEFT_MOTOR_DIR.o)
 .debug_aranges
                0x000002b8       0x38 .\CortexM3\ARM_GCC_541\Debug\potrobika.a(RIGHT_MOTOR_DIR.o)
 .debug_aranges
                0x000002f0       0x38 .\CortexM3\ARM_GCC_541\Debug\potrobika.a(BSTOPGOMB.o)
 .debug_aranges
                0x00000328       0x38 .\CortexM3\ARM_GCC_541\Debug\potrobika.a(BLED3.o)
 .debug_aranges
                0x00000360       0xd8 .\CortexM3\ARM_GCC_541\Debug\potrobika.a(CyDmac.o)
 .debug_aranges
                0x00000438      0x2a0 .\CortexM3\ARM_GCC_541\Debug\potrobika.a(CyLib.o)
 .debug_aranges
                0x000006d8       0x98 .\CortexM3\ARM_GCC_541\Debug\potrobika.a(cyPm.o)
 .debug_aranges
                0x00000770       0xa8 .\CortexM3\ARM_GCC_541\Debug\potrobika.a(ADC_pot.o)
 .debug_aranges
                0x00000818       0x20 .\CortexM3\ARM_GCC_541\Debug\potrobika.a(ADC_pot_INT.o)
 .debug_aranges
                0x00000838       0x80 .\CortexM3\ARM_GCC_541\Debug\potrobika.a(ADC_pot_theACLK.o)
 .debug_aranges
                0x000008b8       0x98 .\CortexM3\ARM_GCC_541\Debug\potrobika.a(LCD.o)
 .debug_aranges
                0x00000950       0x20 .\CortexM3\ARM_GCC_541\Debug\potrobika.a(CyBootAsmGnu.o)
 .debug_aranges
                0x00000970       0x88 .\CortexM3\ARM_GCC_541\Debug\potrobika.a(CyFlash.o)
 .debug_aranges
                0x000009f8       0x80 .\CortexM3\ARM_GCC_541\Debug\potrobika.a(CySpc.o)

.debug_pubnames
 *(.debug_pubnames)

.debug_info     0x00000000     0x603f
 *(.debug_info .gnu.linkonce.wi.*)
 .debug_info    0x00000000      0x556 .\CortexM3\ARM_GCC_541\Debug\main.o
 .debug_info    0x00000556      0x5d8 .\CortexM3\ARM_GCC_541\Debug\cyfitter_cfg.o
 .debug_info    0x00000b2e      0x136 .\CortexM3\ARM_GCC_541\Debug\cymetadata.o
 .debug_info    0x00000c64      0x3cf .\CortexM3\ARM_GCC_541\Debug\Cm3Start.o
 .debug_info    0x00001033      0x27f .\CortexM3\ARM_GCC_541\Debug\potrobika.a(LEFT_PWM.o)
 .debug_info    0x000012b2      0x11f .\CortexM3\ARM_GCC_541\Debug\potrobika.a(IR_FL1.o)
 .debug_info    0x000013d1      0x11f .\CortexM3\ARM_GCC_541\Debug\potrobika.a(IR_FR2.o)
 .debug_info    0x000014f0      0x11f .\CortexM3\ARM_GCC_541\Debug\potrobika.a(BSTARTGOMB.o)
 .debug_info    0x0000160f      0x27f .\CortexM3\ARM_GCC_541\Debug\potrobika.a(RIGHT_PWM.o)
 .debug_info    0x0000188e      0x11f .\CortexM3\ARM_GCC_541\Debug\potrobika.a(LEFT_MOTOR_DIR.o)
 .debug_info    0x000019ad      0x11f .\CortexM3\ARM_GCC_541\Debug\potrobika.a(RIGHT_MOTOR_DIR.o)
 .debug_info    0x00001acc      0x11f .\CortexM3\ARM_GCC_541\Debug\potrobika.a(BSTOPGOMB.o)
 .debug_info    0x00001beb      0x11f .\CortexM3\ARM_GCC_541\Debug\potrobika.a(BLED3.o)
 .debug_info    0x00001d0a      0x94e .\CortexM3\ARM_GCC_541\Debug\potrobika.a(CyDmac.o)
 .debug_info    0x00002658     0x1374 .\CortexM3\ARM_GCC_541\Debug\potrobika.a(CyLib.o)
 .debug_info    0x000039cc      0xa2a .\CortexM3\ARM_GCC_541\Debug\potrobika.a(cyPm.o)
 .debug_info    0x000043f6      0x5c0 .\CortexM3\ARM_GCC_541\Debug\potrobika.a(ADC_pot.o)
 .debug_info    0x000049b6       0x92 .\CortexM3\ARM_GCC_541\Debug\potrobika.a(ADC_pot_INT.o)
 .debug_info    0x00004a48      0x2c4 .\CortexM3\ARM_GCC_541\Debug\potrobika.a(ADC_pot_theACLK.o)
 .debug_info    0x00004d0c      0x715 .\CortexM3\ARM_GCC_541\Debug\potrobika.a(LCD.o)
 .debug_info    0x00005421       0x81 .\CortexM3\ARM_GCC_541\Debug\potrobika.a(CyBootAsmGnu.o)
 .debug_info    0x000054a2      0x64d .\CortexM3\ARM_GCC_541\Debug\potrobika.a(CyFlash.o)
 .debug_info    0x00005aef      0x550 .\CortexM3\ARM_GCC_541\Debug\potrobika.a(CySpc.o)

.debug_abbrev   0x00000000     0x1964
 *(.debug_abbrev)
 .debug_abbrev  0x00000000      0x157 .\CortexM3\ARM_GCC_541\Debug\main.o
 .debug_abbrev  0x00000157      0x1fe .\CortexM3\ARM_GCC_541\Debug\cyfitter_cfg.o
 .debug_abbrev  0x00000355       0x77 .\CortexM3\ARM_GCC_541\Debug\cymetadata.o
 .debug_abbrev  0x000003cc      0x1e8 .\CortexM3\ARM_GCC_541\Debug\Cm3Start.o
 .debug_abbrev  0x000005b4      0x12d .\CortexM3\ARM_GCC_541\Debug\potrobika.a(LEFT_PWM.o)
 .debug_abbrev  0x000006e1       0x90 .\CortexM3\ARM_GCC_541\Debug\potrobika.a(IR_FL1.o)
 .debug_abbrev  0x00000771       0x90 .\CortexM3\ARM_GCC_541\Debug\potrobika.a(IR_FR2.o)
 .debug_abbrev  0x00000801       0x90 .\CortexM3\ARM_GCC_541\Debug\potrobika.a(BSTARTGOMB.o)
 .debug_abbrev  0x00000891      0x12d .\CortexM3\ARM_GCC_541\Debug\potrobika.a(RIGHT_PWM.o)
 .debug_abbrev  0x000009be       0x90 .\CortexM3\ARM_GCC_541\Debug\potrobika.a(LEFT_MOTOR_DIR.o)
 .debug_abbrev  0x00000a4e       0x90 .\CortexM3\ARM_GCC_541\Debug\potrobika.a(RIGHT_MOTOR_DIR.o)
 .debug_abbrev  0x00000ade       0x90 .\CortexM3\ARM_GCC_541\Debug\potrobika.a(BSTOPGOMB.o)
 .debug_abbrev  0x00000b6e       0x90 .\CortexM3\ARM_GCC_541\Debug\potrobika.a(BLED3.o)
 .debug_abbrev  0x00000bfe      0x1b2 .\CortexM3\ARM_GCC_541\Debug\potrobika.a(CyDmac.o)
 .debug_abbrev  0x00000db0      0x254 .\CortexM3\ARM_GCC_541\Debug\potrobika.a(CyLib.o)
 .debug_abbrev  0x00001004      0x1ab .\CortexM3\ARM_GCC_541\Debug\potrobika.a(cyPm.o)
 .debug_abbrev  0x000011af      0x1ac .\CortexM3\ARM_GCC_541\Debug\potrobika.a(ADC_pot.o)
 .debug_abbrev  0x0000135b       0x42 .\CortexM3\ARM_GCC_541\Debug\potrobika.a(ADC_pot_INT.o)
 .debug_abbrev  0x0000139d      0x121 .\CortexM3\ARM_GCC_541\Debug\potrobika.a(ADC_pot_theACLK.o)
 .debug_abbrev  0x000014be      0x157 .\CortexM3\ARM_GCC_541\Debug\potrobika.a(LCD.o)
 .debug_abbrev  0x00001615       0x14 .\CortexM3\ARM_GCC_541\Debug\potrobika.a(CyBootAsmGnu.o)
 .debug_abbrev  0x00001629      0x1a7 .\CortexM3\ARM_GCC_541\Debug\potrobika.a(CyFlash.o)
 .debug_abbrev  0x000017d0      0x194 .\CortexM3\ARM_GCC_541\Debug\potrobika.a(CySpc.o)

.debug_line     0x00000000     0x281c
 *(.debug_line)
 .debug_line    0x00000000      0x2ec .\CortexM3\ARM_GCC_541\Debug\main.o
 .debug_line    0x000002ec      0x1f7 .\CortexM3\ARM_GCC_541\Debug\cyfitter_cfg.o
 .debug_line    0x000004e3      0x141 .\CortexM3\ARM_GCC_541\Debug\cymetadata.o
 .debug_line    0x00000624      0x241 .\CortexM3\ARM_GCC_541\Debug\Cm3Start.o
 .debug_line    0x00000865      0x136 .\CortexM3\ARM_GCC_541\Debug\potrobika.a(LEFT_PWM.o)
 .debug_line    0x0000099b       0x93 .\CortexM3\ARM_GCC_541\Debug\potrobika.a(IR_FL1.o)
 .debug_line    0x00000a2e       0x93 .\CortexM3\ARM_GCC_541\Debug\potrobika.a(IR_FR2.o)
 .debug_line    0x00000ac1       0x97 .\CortexM3\ARM_GCC_541\Debug\potrobika.a(BSTARTGOMB.o)
 .debug_line    0x00000b58      0x137 .\CortexM3\ARM_GCC_541\Debug\potrobika.a(RIGHT_PWM.o)
 .debug_line    0x00000c8f       0x9b .\CortexM3\ARM_GCC_541\Debug\potrobika.a(LEFT_MOTOR_DIR.o)
 .debug_line    0x00000d2a       0x9c .\CortexM3\ARM_GCC_541\Debug\potrobika.a(RIGHT_MOTOR_DIR.o)
 .debug_line    0x00000dc6       0x96 .\CortexM3\ARM_GCC_541\Debug\potrobika.a(BSTOPGOMB.o)
 .debug_line    0x00000e5c       0x92 .\CortexM3\ARM_GCC_541\Debug\potrobika.a(BLED3.o)
 .debug_line    0x00000eee      0x2e4 .\CortexM3\ARM_GCC_541\Debug\potrobika.a(CyDmac.o)
 .debug_line    0x000011d2      0x816 .\CortexM3\ARM_GCC_541\Debug\potrobika.a(CyLib.o)
 .debug_line    0x000019e8      0x367 .\CortexM3\ARM_GCC_541\Debug\potrobika.a(cyPm.o)
 .debug_line    0x00001d4f      0x21c .\CortexM3\ARM_GCC_541\Debug\potrobika.a(ADC_pot.o)
 .debug_line    0x00001f6b       0x54 .\CortexM3\ARM_GCC_541\Debug\potrobika.a(ADC_pot_INT.o)
 .debug_line    0x00001fbf      0x1a1 .\CortexM3\ARM_GCC_541\Debug\potrobika.a(ADC_pot_theACLK.o)
 .debug_line    0x00002160      0x1dc .\CortexM3\ARM_GCC_541\Debug\potrobika.a(LCD.o)
 .debug_line    0x0000233c       0x66 .\CortexM3\ARM_GCC_541\Debug\potrobika.a(CyBootAsmGnu.o)
 .debug_line    0x000023a2      0x21a .\CortexM3\ARM_GCC_541\Debug\potrobika.a(CyFlash.o)
 .debug_line    0x000025bc      0x260 .\CortexM3\ARM_GCC_541\Debug\potrobika.a(CySpc.o)

.debug_frame    0x00000000     0x1a58
 *(.debug_frame)
 .debug_frame   0x00000000       0x74 .\CortexM3\ARM_GCC_541\Debug\main.o
 .debug_frame   0x00000074       0xfc .\CortexM3\ARM_GCC_541\Debug\cyfitter_cfg.o
 .debug_frame   0x00000170       0xb8 .\CortexM3\ARM_GCC_541\Debug\Cm3Start.o
 .debug_frame   0x00000228       0xe8 .\CortexM3\ARM_GCC_541\Debug\potrobika.a(LEFT_PWM.o)
 .debug_frame   0x00000310       0x50 .\CortexM3\ARM_GCC_541\Debug\potrobika.a(IR_FL1.o)
 .debug_frame   0x00000360       0x50 .\CortexM3\ARM_GCC_541\Debug\potrobika.a(IR_FR2.o)
 .debug_frame   0x000003b0       0x50 .\CortexM3\ARM_GCC_541\Debug\potrobika.a(BSTARTGOMB.o)
 .debug_frame   0x00000400       0xe8 .\CortexM3\ARM_GCC_541\Debug\potrobika.a(RIGHT_PWM.o)
 .debug_frame   0x000004e8       0x50 .\CortexM3\ARM_GCC_541\Debug\potrobika.a(LEFT_MOTOR_DIR.o)
 .debug_frame   0x00000538       0x50 .\CortexM3\ARM_GCC_541\Debug\potrobika.a(RIGHT_MOTOR_DIR.o)
 .debug_frame   0x00000588       0x50 .\CortexM3\ARM_GCC_541\Debug\potrobika.a(BSTOPGOMB.o)
 .debug_frame   0x000005d8       0x50 .\CortexM3\ARM_GCC_541\Debug\potrobika.a(BLED3.o)
 .debug_frame   0x00000628      0x1f8 .\CortexM3\ARM_GCC_541\Debug\potrobika.a(CyDmac.o)
 .debug_frame   0x00000820      0x738 .\CortexM3\ARM_GCC_541\Debug\potrobika.a(CyLib.o)
 .debug_frame   0x00000f58      0x1f8 .\CortexM3\ARM_GCC_541\Debug\potrobika.a(cyPm.o)
 .debug_frame   0x00001150      0x1b4 .\CortexM3\ARM_GCC_541\Debug\potrobika.a(ADC_pot.o)
 .debug_frame   0x00001304       0x20 .\CortexM3\ARM_GCC_541\Debug\potrobika.a(ADC_pot_INT.o)
 .debug_frame   0x00001324      0x100 .\CortexM3\ARM_GCC_541\Debug\potrobika.a(ADC_pot_theACLK.o)
 .debug_frame   0x00001424      0x1e8 .\CortexM3\ARM_GCC_541\Debug\potrobika.a(LCD.o)
 .debug_frame   0x0000160c      0x194 .\CortexM3\ARM_GCC_541\Debug\potrobika.a(CyFlash.o)
 .debug_frame   0x000017a0      0x180 .\CortexM3\ARM_GCC_541\Debug\potrobika.a(CySpc.o)
 .debug_frame   0x00001920       0x44 c:/program files (x86)/cypress/psoc creator/4.2/psoc creator/import/gnu/arm/5.4.1/bin/../lib/gcc/arm-none-eabi/5.4.1/armv7-m\libgcc.a(_aeabi_ldivmod.o)
 .debug_frame   0x00001964       0x38 c:/program files (x86)/cypress/psoc creator/4.2/psoc creator/import/gnu/arm/5.4.1/bin/../lib/gcc/arm-none-eabi/5.4.1/armv7-m\libgcc.a(_udivmoddi4.o)
 .debug_frame   0x0000199c       0x20 c:/program files (x86)/cypress/psoc creator/4.2/psoc creator/import/gnu/arm/5.4.1/bin/../lib/gcc/arm-none-eabi/5.4.1/../../../../arm-none-eabi/lib/armv7-m\libg_nano.a(lib_a-errno.o)
 .debug_frame   0x000019bc       0x28 c:/program files (x86)/cypress/psoc creator/4.2/psoc creator/import/gnu/arm/5.4.1/bin/../lib/gcc/arm-none-eabi/5.4.1/../../../../arm-none-eabi/lib/armv7-m\libg_nano.a(lib_a-exit.o)
 .debug_frame   0x000019e4       0x2c c:/program files (x86)/cypress/psoc creator/4.2/psoc creator/import/gnu/arm/5.4.1/bin/../lib/gcc/arm-none-eabi/5.4.1/../../../../arm-none-eabi/lib/armv7-m\libg_nano.a(lib_a-init.o)
 .debug_frame   0x00001a10       0x28 c:/program files (x86)/cypress/psoc creator/4.2/psoc creator/import/gnu/arm/5.4.1/bin/../lib/gcc/arm-none-eabi/5.4.1/../../../../arm-none-eabi/lib/armv7-m\libg_nano.a(lib_a-memcpy-stub.o)
 .debug_frame   0x00001a38       0x20 c:/program files (x86)/cypress/psoc creator/4.2/psoc creator/import/gnu/arm/5.4.1/bin/../lib/gcc/arm-none-eabi/5.4.1/../../../../arm-none-eabi/lib/armv7-m\libg_nano.a(lib_a-memset.o)

.debug_str      0x00000000     0x220e
 *(.debug_str)
 .debug_str     0x00000000      0x332 .\CortexM3\ARM_GCC_541\Debug\main.o
                                0x391 (size before relaxing)
 .debug_str     0x00000332      0x17d .\CortexM3\ARM_GCC_541\Debug\cyfitter_cfg.o
                                0x30a (size before relaxing)
 .debug_str     0x000004af       0x75 .\CortexM3\ARM_GCC_541\Debug\cymetadata.o
                                0x1d5 (size before relaxing)
 .debug_str     0x00000524      0x154 .\CortexM3\ARM_GCC_541\Debug\Cm3Start.o
                                0x30b (size before relaxing)
 .debug_str     0x00000678      0x13f .\CortexM3\ARM_GCC_541\Debug\potrobika.a(LEFT_PWM.o)
                                0x2e8 (size before relaxing)
 .debug_str     0x000007b7       0x64 .\CortexM3\ARM_GCC_541\Debug\potrobika.a(IR_FL1.o)
                                0x1d8 (size before relaxing)
 .debug_str     0x0000081b       0x54 .\CortexM3\ARM_GCC_541\Debug\potrobika.a(IR_FR2.o)
                                0x1d8 (size before relaxing)
 .debug_str     0x0000086f       0x64 .\CortexM3\ARM_GCC_541\Debug\potrobika.a(BSTARTGOMB.o)
                                0x1ec (size before relaxing)
 .debug_str     0x000008d3      0x11a .\CortexM3\ARM_GCC_541\Debug\potrobika.a(RIGHT_PWM.o)
                                0x2f6 (size before relaxing)
 .debug_str     0x000009ed       0x73 .\CortexM3\ARM_GCC_541\Debug\potrobika.a(LEFT_MOTOR_DIR.o)
                                0x200 (size before relaxing)
 .debug_str     0x00000a60       0x77 .\CortexM3\ARM_GCC_541\Debug\potrobika.a(RIGHT_MOTOR_DIR.o)
                                0x205 (size before relaxing)
 .debug_str     0x00000ad7       0x60 .\CortexM3\ARM_GCC_541\Debug\potrobika.a(BSTOPGOMB.o)
                                0x1e7 (size before relaxing)
 .debug_str     0x00000b37       0x4f .\CortexM3\ARM_GCC_541\Debug\potrobika.a(BLED3.o)
                                0x1d3 (size before relaxing)
 .debug_str     0x00000b86      0x392 .\CortexM3\ARM_GCC_541\Debug\potrobika.a(CyDmac.o)
                                0x53b (size before relaxing)
 .debug_str     0x00000f18      0x7c9 .\CortexM3\ARM_GCC_541\Debug\potrobika.a(CyLib.o)
                                0xa38 (size before relaxing)
 .debug_str     0x000016e1      0x365 .\CortexM3\ARM_GCC_541\Debug\potrobika.a(cyPm.o)
                                0x724 (size before relaxing)
 .debug_str     0x00001a46      0x219 .\CortexM3\ARM_GCC_541\Debug\potrobika.a(ADC_pot.o)
                                0x47c (size before relaxing)
 .debug_str     0x00001c5f       0x31 .\CortexM3\ARM_GCC_541\Debug\potrobika.a(ADC_pot_INT.o)
                                0x188 (size before relaxing)
 .debug_str     0x00001c90      0x1ed .\CortexM3\ARM_GCC_541\Debug\potrobika.a(ADC_pot_theACLK.o)
                                0x38a (size before relaxing)
 .debug_str     0x00001e7d      0x12a .\CortexM3\ARM_GCC_541\Debug\potrobika.a(LCD.o)
                                0x31c (size before relaxing)
 .debug_str     0x00001fa7      0x1bb .\CortexM3\ARM_GCC_541\Debug\potrobika.a(CyFlash.o)
                                0x3b1 (size before relaxing)
 .debug_str     0x00002162       0xac .\CortexM3\ARM_GCC_541\Debug\potrobika.a(CySpc.o)
                                0x329 (size before relaxing)

.debug_loc      0x00000000     0x3055
 *(.debug_loc)
 .debug_loc     0x00000000      0x13e .\CortexM3\ARM_GCC_541\Debug\main.o
 .debug_loc     0x0000013e      0x1fd .\CortexM3\ARM_GCC_541\Debug\cyfitter_cfg.o
 .debug_loc     0x0000033b      0x144 .\CortexM3\ARM_GCC_541\Debug\Cm3Start.o
 .debug_loc     0x0000047f       0x13 .\CortexM3\ARM_GCC_541\Debug\potrobika.a(LEFT_PWM.o)
 .debug_loc     0x00000492       0x42 .\CortexM3\ARM_GCC_541\Debug\potrobika.a(IR_FL1.o)
 .debug_loc     0x000004d4       0x42 .\CortexM3\ARM_GCC_541\Debug\potrobika.a(IR_FR2.o)
 .debug_loc     0x00000516       0x42 .\CortexM3\ARM_GCC_541\Debug\potrobika.a(BSTARTGOMB.o)
 .debug_loc     0x00000558       0x13 .\CortexM3\ARM_GCC_541\Debug\potrobika.a(RIGHT_PWM.o)
 .debug_loc     0x0000056b       0x42 .\CortexM3\ARM_GCC_541\Debug\potrobika.a(LEFT_MOTOR_DIR.o)
 .debug_loc     0x000005ad       0x42 .\CortexM3\ARM_GCC_541\Debug\potrobika.a(RIGHT_MOTOR_DIR.o)
 .debug_loc     0x000005ef       0x42 .\CortexM3\ARM_GCC_541\Debug\potrobika.a(BSTOPGOMB.o)
 .debug_loc     0x00000631       0x42 .\CortexM3\ARM_GCC_541\Debug\potrobika.a(BLED3.o)
 .debug_loc     0x00000673      0xb8e .\CortexM3\ARM_GCC_541\Debug\potrobika.a(CyDmac.o)
 .debug_loc     0x00001201      0xa11 .\CortexM3\ARM_GCC_541\Debug\potrobika.a(CyLib.o)
 .debug_loc     0x00001c12      0x1e4 .\CortexM3\ARM_GCC_541\Debug\potrobika.a(cyPm.o)
 .debug_loc     0x00001df6      0x295 .\CortexM3\ARM_GCC_541\Debug\potrobika.a(ADC_pot.o)
 .debug_loc     0x0000208b      0x14d .\CortexM3\ARM_GCC_541\Debug\potrobika.a(ADC_pot_theACLK.o)
 .debug_loc     0x000021d8      0x3c6 .\CortexM3\ARM_GCC_541\Debug\potrobika.a(LCD.o)
 .debug_loc     0x0000259e      0x3b2 .\CortexM3\ARM_GCC_541\Debug\potrobika.a(CyFlash.o)
 .debug_loc     0x00002950      0x705 .\CortexM3\ARM_GCC_541\Debug\potrobika.a(CySpc.o)

.debug_macinfo
 *(.debug_macinfo)

.debug_ranges   0x00000000      0x8f0
 *(.debug_ranges)
 .debug_ranges  0x00000000       0x20 .\CortexM3\ARM_GCC_541\Debug\main.o
 .debug_ranges  0x00000020       0x48 .\CortexM3\ARM_GCC_541\Debug\cyfitter_cfg.o
 .debug_ranges  0x00000068       0x38 .\CortexM3\ARM_GCC_541\Debug\Cm3Start.o
 .debug_ranges  0x000000a0       0x68 .\CortexM3\ARM_GCC_541\Debug\potrobika.a(LEFT_PWM.o)
 .debug_ranges  0x00000108       0x28 .\CortexM3\ARM_GCC_541\Debug\potrobika.a(IR_FL1.o)
 .debug_ranges  0x00000130       0x28 .\CortexM3\ARM_GCC_541\Debug\potrobika.a(IR_FR2.o)
 .debug_ranges  0x00000158       0x28 .\CortexM3\ARM_GCC_541\Debug\potrobika.a(BSTARTGOMB.o)
 .debug_ranges  0x00000180       0x68 .\CortexM3\ARM_GCC_541\Debug\potrobika.a(RIGHT_PWM.o)
 .debug_ranges  0x000001e8       0x28 .\CortexM3\ARM_GCC_541\Debug\potrobika.a(LEFT_MOTOR_DIR.o)
 .debug_ranges  0x00000210       0x28 .\CortexM3\ARM_GCC_541\Debug\potrobika.a(RIGHT_MOTOR_DIR.o)
 .debug_ranges  0x00000238       0x28 .\CortexM3\ARM_GCC_541\Debug\potrobika.a(BSTOPGOMB.o)
 .debug_ranges  0x00000260       0x28 .\CortexM3\ARM_GCC_541\Debug\potrobika.a(BLED3.o)
 .debug_ranges  0x00000288       0xc8 .\CortexM3\ARM_GCC_541\Debug\potrobika.a(CyDmac.o)
 .debug_ranges  0x00000350      0x290 .\CortexM3\ARM_GCC_541\Debug\potrobika.a(CyLib.o)
 .debug_ranges  0x000005e0       0x88 .\CortexM3\ARM_GCC_541\Debug\potrobika.a(cyPm.o)
 .debug_ranges  0x00000668       0x98 .\CortexM3\ARM_GCC_541\Debug\potrobika.a(ADC_pot.o)
 .debug_ranges  0x00000700       0x10 .\CortexM3\ARM_GCC_541\Debug\potrobika.a(ADC_pot_INT.o)
 .debug_ranges  0x00000710       0x70 .\CortexM3\ARM_GCC_541\Debug\potrobika.a(ADC_pot_theACLK.o)
 .debug_ranges  0x00000780       0x88 .\CortexM3\ARM_GCC_541\Debug\potrobika.a(LCD.o)
 .debug_ranges  0x00000808       0x78 .\CortexM3\ARM_GCC_541\Debug\potrobika.a(CyFlash.o)
 .debug_ranges  0x00000880       0x70 .\CortexM3\ARM_GCC_541\Debug\potrobika.a(CySpc.o)

.comment        0x00000000       0x6e
 .comment       0x00000000       0x6e .\CortexM3\ARM_GCC_541\Debug\main.o
                                 0x6f (size before relaxing)
 .comment       0x0000006e       0x6f .\CortexM3\ARM_GCC_541\Debug\cyfitter_cfg.o
 .comment       0x0000006e       0x6f .\CortexM3\ARM_GCC_541\Debug\cymetadata.o
 .comment       0x0000006e       0x6f .\CortexM3\ARM_GCC_541\Debug\Cm3Start.o
 .comment       0x0000006e       0x6f .\CortexM3\ARM_GCC_541\Debug\potrobika.a(LEFT_PWM.o)
 .comment       0x0000006e       0x6f .\CortexM3\ARM_GCC_541\Debug\potrobika.a(IR_FL1.o)
 .comment       0x0000006e       0x6f .\CortexM3\ARM_GCC_541\Debug\potrobika.a(IR_FR2.o)
 .comment       0x0000006e       0x6f .\CortexM3\ARM_GCC_541\Debug\potrobika.a(BSTARTGOMB.o)
 .comment       0x0000006e       0x6f .\CortexM3\ARM_GCC_541\Debug\potrobika.a(RIGHT_PWM.o)
 .comment       0x0000006e       0x6f .\CortexM3\ARM_GCC_541\Debug\potrobika.a(LEFT_MOTOR_DIR.o)
 .comment       0x0000006e       0x6f .\CortexM3\ARM_GCC_541\Debug\potrobika.a(RIGHT_MOTOR_DIR.o)
 .comment       0x0000006e       0x6f .\CortexM3\ARM_GCC_541\Debug\potrobika.a(BSTOPGOMB.o)
 .comment       0x0000006e       0x6f .\CortexM3\ARM_GCC_541\Debug\potrobika.a(BLED3.o)
 .comment       0x0000006e       0x6f .\CortexM3\ARM_GCC_541\Debug\potrobika.a(CyDmac.o)
 .comment       0x0000006e       0x6f .\CortexM3\ARM_GCC_541\Debug\potrobika.a(CyLib.o)
 .comment       0x0000006e       0x6f .\CortexM3\ARM_GCC_541\Debug\potrobika.a(cyPm.o)
 .comment       0x0000006e       0x6f .\CortexM3\ARM_GCC_541\Debug\potrobika.a(ADC_pot.o)
 .comment       0x0000006e       0x6f .\CortexM3\ARM_GCC_541\Debug\potrobika.a(ADC_pot_INT.o)
 .comment       0x0000006e       0x6f .\CortexM3\ARM_GCC_541\Debug\potrobika.a(ADC_pot_theACLK.o)
 .comment       0x0000006e       0x6f .\CortexM3\ARM_GCC_541\Debug\potrobika.a(LCD.o)
 .comment       0x0000006e       0x6f .\CortexM3\ARM_GCC_541\Debug\potrobika.a(CyFlash.o)
 .comment       0x0000006e       0x6f .\CortexM3\ARM_GCC_541\Debug\potrobika.a(CySpc.o)

.debug_weaknames
 *(.debug_weaknames)

.debug_funcnames
 *(.debug_funcnames)

.debug_typenames
 *(.debug_typenames)

.debug_varnames
 *(.debug_varnames)

.note.gnu.arm.ident
 *(.note.gnu.arm.ident)

.ARM.attributes
                0x00000000       0x29
 *(.ARM.attributes)
 .ARM.attributes
                0x00000000       0x1d c:/program files (x86)/cypress/psoc creator/4.2/psoc creator/import/gnu/arm/5.4.1/bin/../lib/gcc/arm-none-eabi/5.4.1/armv7-m/crti.o
 .ARM.attributes
                0x0000001d       0x2d c:/program files (x86)/cypress/psoc creator/4.2/psoc creator/import/gnu/arm/5.4.1/bin/../lib/gcc/arm-none-eabi/5.4.1/armv7-m/crtbegin.o
 .ARM.attributes
                0x0000004a       0x1b c:/program files (x86)/cypress/psoc creator/4.2/psoc creator/import/gnu/arm/5.4.1/bin/../lib/gcc/arm-none-eabi/5.4.1/../../../../arm-none-eabi/lib/armv7-m/crt0.o
 .ARM.attributes
                0x00000065       0x33 .\CortexM3\ARM_GCC_541\Debug\main.o
 .ARM.attributes
                0x00000098       0x33 .\CortexM3\ARM_GCC_541\Debug\cyfitter_cfg.o
 .ARM.attributes
                0x000000cb       0x33 .\CortexM3\ARM_GCC_541\Debug\cymetadata.o
 .ARM.attributes
                0x000000fe       0x33 .\CortexM3\ARM_GCC_541\Debug\Cm3Start.o
 .ARM.attributes
                0x00000131       0x33 .\CortexM3\ARM_GCC_541\Debug\potrobika.a(LEFT_PWM.o)
 .ARM.attributes
                0x00000164       0x33 .\CortexM3\ARM_GCC_541\Debug\potrobika.a(IR_FL1.o)
 .ARM.attributes
                0x00000197       0x33 .\CortexM3\ARM_GCC_541\Debug\potrobika.a(IR_FR2.o)
 .ARM.attributes
                0x000001ca       0x33 .\CortexM3\ARM_GCC_541\Debug\potrobika.a(BSTARTGOMB.o)
 .ARM.attributes
                0x000001fd       0x33 .\CortexM3\ARM_GCC_541\Debug\potrobika.a(RIGHT_PWM.o)
 .ARM.attributes
                0x00000230       0x33 .\CortexM3\ARM_GCC_541\Debug\potrobika.a(LEFT_MOTOR_DIR.o)
 .ARM.attributes
                0x00000263       0x33 .\CortexM3\ARM_GCC_541\Debug\potrobika.a(RIGHT_MOTOR_DIR.o)
 .ARM.attributes
                0x00000296       0x33 .\CortexM3\ARM_GCC_541\Debug\potrobika.a(BSTOPGOMB.o)
 .ARM.attributes
                0x000002c9       0x33 .\CortexM3\ARM_GCC_541\Debug\potrobika.a(BLED3.o)
 .ARM.attributes
                0x000002fc       0x33 .\CortexM3\ARM_GCC_541\Debug\potrobika.a(CyDmac.o)
 .ARM.attributes
                0x0000032f       0x33 .\CortexM3\ARM_GCC_541\Debug\potrobika.a(CyLib.o)
 .ARM.attributes
                0x00000362       0x33 .\CortexM3\ARM_GCC_541\Debug\potrobika.a(cyPm.o)
 .ARM.attributes
                0x00000395       0x33 .\CortexM3\ARM_GCC_541\Debug\potrobika.a(ADC_pot.o)
 .ARM.attributes
                0x000003c8       0x33 .\CortexM3\ARM_GCC_541\Debug\potrobika.a(ADC_pot_INT.o)
 .ARM.attributes
                0x000003fb       0x33 .\CortexM3\ARM_GCC_541\Debug\potrobika.a(ADC_pot_theACLK.o)
 .ARM.attributes
                0x0000042e       0x33 .\CortexM3\ARM_GCC_541\Debug\potrobika.a(LCD.o)
 .ARM.attributes
                0x00000461       0x21 .\CortexM3\ARM_GCC_541\Debug\potrobika.a(CyBootAsmGnu.o)
 .ARM.attributes
                0x00000482       0x33 .\CortexM3\ARM_GCC_541\Debug\potrobika.a(CyFlash.o)
 .ARM.attributes
                0x000004b5       0x33 .\CortexM3\ARM_GCC_541\Debug\potrobika.a(CySpc.o)
 .ARM.attributes
                0x000004e8       0x1d c:/program files (x86)/cypress/psoc creator/4.2/psoc creator/import/gnu/arm/5.4.1/bin/../lib/gcc/arm-none-eabi/5.4.1/armv7-m\libgcc.a(_arm_addsubdf3.o)
 .ARM.attributes
                0x00000505       0x1d c:/program files (x86)/cypress/psoc creator/4.2/psoc creator/import/gnu/arm/5.4.1/bin/../lib/gcc/arm-none-eabi/5.4.1/armv7-m\libgcc.a(_arm_muldivdf3.o)
 .ARM.attributes
                0x00000522       0x1d c:/program files (x86)/cypress/psoc creator/4.2/psoc creator/import/gnu/arm/5.4.1/bin/../lib/gcc/arm-none-eabi/5.4.1/armv7-m\libgcc.a(_arm_fixdfsi.o)
 .ARM.attributes
                0x0000053f       0x1d c:/program files (x86)/cypress/psoc creator/4.2/psoc creator/import/gnu/arm/5.4.1/bin/../lib/gcc/arm-none-eabi/5.4.1/armv7-m\libgcc.a(_arm_addsubsf3.o)
 .ARM.attributes
                0x0000055c       0x1d c:/program files (x86)/cypress/psoc creator/4.2/psoc creator/import/gnu/arm/5.4.1/bin/../lib/gcc/arm-none-eabi/5.4.1/armv7-m\libgcc.a(_arm_muldivsf3.o)
 .ARM.attributes
                0x00000579       0x1d c:/program files (x86)/cypress/psoc creator/4.2/psoc creator/import/gnu/arm/5.4.1/bin/../lib/gcc/arm-none-eabi/5.4.1/armv7-m\libgcc.a(_aeabi_ldivmod.o)
 .ARM.attributes
                0x00000596       0x2d c:/program files (x86)/cypress/psoc creator/4.2/psoc creator/import/gnu/arm/5.4.1/bin/../lib/gcc/arm-none-eabi/5.4.1/armv7-m\libgcc.a(_udivmoddi4.o)
 .ARM.attributes
                0x000005c3       0x1d c:/program files (x86)/cypress/psoc creator/4.2/psoc creator/import/gnu/arm/5.4.1/bin/../lib/gcc/arm-none-eabi/5.4.1/armv7-m\libgcc.a(_dvmd_tls.o)
 .ARM.attributes
                0x000005e0       0x2d c:/program files (x86)/cypress/psoc creator/4.2/psoc creator/import/gnu/arm/5.4.1/bin/../lib/gcc/arm-none-eabi/5.4.1/../../../../arm-none-eabi/lib/armv7-m\libg_nano.a(lib_a-errno.o)
 .ARM.attributes
                0x0000060d       0x2d c:/program files (x86)/cypress/psoc creator/4.2/psoc creator/import/gnu/arm/5.4.1/bin/../lib/gcc/arm-none-eabi/5.4.1/../../../../arm-none-eabi/lib/armv7-m\libg_nano.a(lib_a-exit.o)
 .ARM.attributes
                0x0000063a       0x2d c:/program files (x86)/cypress/psoc creator/4.2/psoc creator/import/gnu/arm/5.4.1/bin/../lib/gcc/arm-none-eabi/5.4.1/../../../../arm-none-eabi/lib/armv7-m\libg_nano.a(lib_a-impure.o)
 .ARM.attributes
                0x00000667       0x2d c:/program files (x86)/cypress/psoc creator/4.2/psoc creator/import/gnu/arm/5.4.1/bin/../lib/gcc/arm-none-eabi/5.4.1/../../../../arm-none-eabi/lib/armv7-m\libg_nano.a(lib_a-init.o)
 .ARM.attributes
                0x00000694       0x2d c:/program files (x86)/cypress/psoc creator/4.2/psoc creator/import/gnu/arm/5.4.1/bin/../lib/gcc/arm-none-eabi/5.4.1/../../../../arm-none-eabi/lib/armv7-m\libg_nano.a(lib_a-memcpy-stub.o)
 .ARM.attributes
                0x000006c1       0x2d c:/program files (x86)/cypress/psoc creator/4.2/psoc creator/import/gnu/arm/5.4.1/bin/../lib/gcc/arm-none-eabi/5.4.1/../../../../arm-none-eabi/lib/armv7-m\libg_nano.a(lib_a-memset.o)
 .ARM.attributes
                0x000006ee       0x2d c:/program files (x86)/cypress/psoc creator/4.2/psoc creator/import/gnu/arm/5.4.1/bin/../lib/gcc/arm-none-eabi/5.4.1/armv7-m/crtend.o
 .ARM.attributes
                0x0000071b       0x1d c:/program files (x86)/cypress/psoc creator/4.2/psoc creator/import/gnu/arm/5.4.1/bin/../lib/gcc/arm-none-eabi/5.4.1/armv7-m/crtn.o

/DISCARD/
 *(.note.GNU-stack)
OUTPUT(C:\beagyazott rendszerek\potrobika\potrobika.cydsn\CortexM3\ARM_GCC_541\Debug\potrobika.elf elf32-littlearm)
