Archive member included to satisfy reference by file (symbol)

.\CortexM3\ARM_GCC_541\Debug\potrobika.a(LEFT_PWM.o)
                              .\CortexM3\ARM_GCC_541\Debug\main.o (LEFT_PWM_WriteCompare)
.\CortexM3\ARM_GCC_541\Debug\potrobika.a(IR_FL1.o)
                              .\CortexM3\ARM_GCC_541\Debug\main.o (IR_FL1_Read)
.\CortexM3\ARM_GCC_541\Debug\potrobika.a(IR_FR2.o)
                              .\CortexM3\ARM_GCC_541\Debug\main.o (IR_FR2_Read)
.\CortexM3\ARM_GCC_541\Debug\potrobika.a(BSTARTGOMB.o)
                              .\CortexM3\ARM_GCC_541\Debug\main.o (BSTARTGOMB_Read)
.\CortexM3\ARM_GCC_541\Debug\potrobika.a(RIGHT_PWM.o)
                              .\CortexM3\ARM_GCC_541\Debug\main.o (RIGHT_PWM_WriteCompare)
.\CortexM3\ARM_GCC_541\Debug\potrobika.a(LEFT_MOTOR_DIR.o)
                              .\CortexM3\ARM_GCC_541\Debug\main.o (LEFT_MOTOR_DIR_Write)
.\CortexM3\ARM_GCC_541\Debug\potrobika.a(RIGHT_MOTOR_DIR.o)
                              .\CortexM3\ARM_GCC_541\Debug\main.o (RIGHT_MOTOR_DIR_Write)
.\CortexM3\ARM_GCC_541\Debug\potrobika.a(BSTOPGOMB.o)
                              .\CortexM3\ARM_GCC_541\Debug\main.o (BSTOPGOMB_Read)
.\CortexM3\ARM_GCC_541\Debug\potrobika.a(BLED3.o)
                              .\CortexM3\ARM_GCC_541\Debug\main.o (BLED3_Write)
.\CortexM3\ARM_GCC_541\Debug\potrobika.a(CyDmac.o)
                              .\CortexM3\ARM_GCC_541\Debug\Cm3Start.o (CyDmacConfigure)
.\CortexM3\ARM_GCC_541\Debug\potrobika.a(CyLib.o)
                              .\CortexM3\ARM_GCC_541\Debug\Cm3Start.o (CyHalt)
.\CortexM3\ARM_GCC_541\Debug\potrobika.a(cyPm.o)
                              .\CortexM3\ARM_GCC_541\Debug\potrobika.a(CyLib.o) (CyPmReadStatus)
.\CortexM3\ARM_GCC_541\Debug\potrobika.a(ADC_pot.o)
                              .\CortexM3\ARM_GCC_541\Debug\main.o (ADC_pot_Start)
.\CortexM3\ARM_GCC_541\Debug\potrobika.a(ADC_pot_INT.o)
                              .\CortexM3\ARM_GCC_541\Debug\potrobika.a(ADC_pot.o) (ADC_pot_ISR)
.\CortexM3\ARM_GCC_541\Debug\potrobika.a(ADC_pot_theACLK.o)
                              .\CortexM3\ARM_GCC_541\Debug\potrobika.a(ADC_pot.o) (ADC_pot_theACLK_SetModeRegister)
.\CortexM3\ARM_GCC_541\Debug\potrobika.a(CyBootAsmGnu.o)
                              .\CortexM3\ARM_GCC_541\Debug\cyfitter_cfg.o (CyDelayCycles)
.\CortexM3\ARM_GCC_541\Debug\potrobika.a(CyFlash.o)
                              .\CortexM3\ARM_GCC_541\Debug\potrobika.a(cyPm.o) (CyFlash_SetWaitCycles)
.\CortexM3\ARM_GCC_541\Debug\potrobika.a(CySpc.o)
                              .\CortexM3\ARM_GCC_541\Debug\potrobika.a(CyFlash.o) (CySpcStart)
c:/program files (x86)/cypress/psoc creator/4.2/psoc creator/import/gnu/arm/5.4.1/bin/../lib/gcc/arm-none-eabi/5.4.1/armv7-m\libgcc.a(_arm_addsubdf3.o)
                              .\CortexM3\ARM_GCC_541\Debug\main.o (__aeabi_i2d)
c:/program files (x86)/cypress/psoc creator/4.2/psoc creator/import/gnu/arm/5.4.1/bin/../lib/gcc/arm-none-eabi/5.4.1/armv7-m\libgcc.a(_arm_muldivdf3.o)
                              .\CortexM3\ARM_GCC_541\Debug\main.o (__aeabi_dmul)
c:/program files (x86)/cypress/psoc creator/4.2/psoc creator/import/gnu/arm/5.4.1/bin/../lib/gcc/arm-none-eabi/5.4.1/armv7-m\libgcc.a(_arm_fixdfsi.o)
                              .\CortexM3\ARM_GCC_541\Debug\main.o (__aeabi_d2iz)
c:/program files (x86)/cypress/psoc creator/4.2/psoc creator/import/gnu/arm/5.4.1/bin/../lib/gcc/arm-none-eabi/5.4.1/armv7-m\libgcc.a(_arm_addsubsf3.o)
                              .\CortexM3\ARM_GCC_541\Debug\potrobika.a(ADC_pot.o) (__aeabi_i2f)
c:/program files (x86)/cypress/psoc creator/4.2/psoc creator/import/gnu/arm/5.4.1/bin/../lib/gcc/arm-none-eabi/5.4.1/armv7-m\libgcc.a(_arm_muldivsf3.o)
                              .\CortexM3\ARM_GCC_541\Debug\potrobika.a(ADC_pot.o) (__aeabi_fmul)
c:/program files (x86)/cypress/psoc creator/4.2/psoc creator/import/gnu/arm/5.4.1/bin/../lib/gcc/arm-none-eabi/5.4.1/armv7-m\libgcc.a(_aeabi_ldivmod.o)
                              .\CortexM3\ARM_GCC_541\Debug\potrobika.a(ADC_pot.o) (__aeabi_ldivmod)
c:/program files (x86)/cypress/psoc creator/4.2/psoc creator/import/gnu/arm/5.4.1/bin/../lib/gcc/arm-none-eabi/5.4.1/armv7-m\libgcc.a(_udivmoddi4.o)
                              c:/program files (x86)/cypress/psoc creator/4.2/psoc creator/import/gnu/arm/5.4.1/bin/../lib/gcc/arm-none-eabi/5.4.1/armv7-m\libgcc.a(_aeabi_ldivmod.o) (__udivmoddi4)
c:/program files (x86)/cypress/psoc creator/4.2/psoc creator/import/gnu/arm/5.4.1/bin/../lib/gcc/arm-none-eabi/5.4.1/armv7-m\libgcc.a(_dvmd_tls.o)
                              c:/program files (x86)/cypress/psoc creator/4.2/psoc creator/import/gnu/arm/5.4.1/bin/../lib/gcc/arm-none-eabi/5.4.1/armv7-m\libgcc.a(_aeabi_ldivmod.o) (__aeabi_ldiv0)
c:/program files (x86)/cypress/psoc creator/4.2/psoc creator/import/gnu/arm/5.4.1/bin/../lib/gcc/arm-none-eabi/5.4.1/../../../../arm-none-eabi/lib/armv7-m\libg_nano.a(lib_a-errno.o)
[...]
Memory Configuration

Name             Origin             Length             Attributes
rom              0x00000000         0x00040000         xr
ram              0x1fff8000         0x00010000         xrw
*default*        0x00000000         0xffffffff

Linker script and memory map

LOAD c:/program files (x86)/cypress/psoc creator/4.2/psoc creator/import/gnu/arm/5.4.1/bin/../lib/gcc/arm-none-eabi/5.4.1/armv7-m/crti.o
LOAD c:/program files (x86)/cypress/psoc creator/4.2/psoc creator/import/gnu/arm/5.4.1/bin/../lib/gcc/arm-none-eabi/5.4.1/armv7-m/crtbegin.o
LOAD c:/program files (x86)/cypress/psoc creator/4.2/psoc creator/import/gnu/arm/5.4.1/bin/../lib/gcc/arm-none-eabi/5.4.1/../../../../arm-none-eabi/lib/armv7-m/crt0.o
START GROUP
LOAD .\CortexM3\ARM_GCC_541\Debug\main.o
LOAD .\CortexM3\ARM_GCC_541\Debug\cyfitter_cfg.o
LOAD .\CortexM3\ARM_GCC_541\Debug\cymetadata.o
LOAD .\CortexM3\ARM_GCC_541\Debug\Cm3Start.o
LOAD .\CortexM3\ARM_GCC_541\Debug\potrobika.a
LOAD C:\Program Files (x86)\Cypress\PSoC Creator\4.2\PSoC Creator\psoc\content\cycomponentlibrary\CyComponentLibrary.cylib\CortexM3\ARM_GCC_541\Debug\CyComponentLibrary.a
END GROUP
START GROUP
LOAD c:/program files (x86)/cypress/psoc creator/4.2/psoc creator/import/gnu/arm/5.4.1/bin/../lib/gcc/arm-none-eabi/5.4.1/armv7-m\libgcc.a
LOAD c:/program files (x86)/cypress/psoc creator/4.2/psoc creator/import/gnu/arm/5.4.1/bin/../lib/gcc/arm-none-eabi/5.4.1/../../../../arm-none-eabi/lib/armv7-m\libg_nano.a
LOAD c:/program files (x86)/cypress/psoc creator/4.2/psoc creator/import/gnu/arm/5.4.1/bin/../lib/gcc/arm-none-eabi/5.4.1/../../../../arm-none-eabi/lib/armv7-m\libc_nano.a
END GROUP
START GROUP
LOAD c:/program files (x86)/cypress/psoc creator/4.2/psoc creator/import/gnu/arm/5.4.1/bin/../lib/gcc/arm-none-eabi/5.4.1/armv7-m\libgcc.a
LOAD c:/program files (x86)/cypress/psoc creator/4.2/psoc creator/import/gnu/arm/5.4.1/bin/../lib/gcc/arm-none-eabi/5.4.1/../../../../arm-none-eabi/lib/armv7-m\libc_nano.a
END GROUP
LOAD c:/program files (x86)/cypress/psoc creator/4.2/psoc creator/import/gnu/arm/5.4.1/bin/../lib/gcc/arm-none-eabi/5.4.1/armv7-m/crtend.o
LOAD c:/program files (x86)/cypress/psoc creator/4.2/psoc creator/import/gnu/arm/5.4.1/bin/../lib/gcc/arm-none-eabi/5.4.1/armv7-m/crtn.o
START GROUP
LOAD c:/program files (x86)/cypress/psoc creator/4.2/psoc creator/import/gnu/arm/5.4.1/bin/../lib/gcc/arm-none-eabi/5.4.1/armv7-m\libgcc.a
LOAD c:/program files (x86)/cypress/psoc creator/4.2/psoc creator/import/gnu/arm/5.4.1/bin/../lib/gcc/arm-none-eabi/5.4.1/../../../../arm-none-eabi/lib/armv7-m\libc.a
LOAD c:/program files (x86)/cypress/psoc creator/4.2/psoc creator/import/gnu/arm/5.4.1/bin/../lib/gcc/arm-none-eabi/5.4.1/../../../../arm-none-eabi/lib/armv7-m\libnosys.a
END GROUP
                0x00000000                CY_APPL_ORIGIN = 0x0
                0x00000100                CY_FLASH_ROW_SIZE = 0x100
                0x00000020                CY_ECC_ROW_SIZE = 0x20
                0x00000000                CY_EE_IN_BTLDR = 0x0
                0x00000000                CY_APPL_LOADABLE = 0x0
                0x00000800                CY_EE_SIZE = 0x800
                0x00000001                CY_APPL_NUM = 0x1
                0x00000001                CY_APPL_MAX = 0x1
                0x00000040                CY_METADATA_SIZE = 0x40
                0x00000000                CY_APPL_LOADABLE = 0x0
                0x00000000                CY_CHECKSUM_EXCLUDE_SIZE = ALIGN (0x0, CY_FLASH_ROW_SIZE)
                [!provide]                PROVIDE (__cy_heap_start, _end)
                0x00000001                PROVIDE (__cy_region_num, ((__cy_regions_end - __cy_regions) / 0x10))
                0x20008000                PROVIDE (__cy_stack, (ORIGIN (ram) + LENGTH (ram)))
                [!provide]                PROVIDE (__cy_heap_end, (__cy_stack - 0x800))

.cybootloader   0x00000000        0x0
 *(.cybootloader)
                0x00000000                appl1_start = CY_APPL_ORIGIN?CY_APPL_ORIGIN:ALIGN (CY_FLASH_ROW_SIZE)
                0x0001ff00                appl2_start = (appl1_start + ALIGN ((((LENGTH (rom) - appl1_start) - (0x2 * CY_FLASH_ROW_SIZE)) / 0x2), CY_FLASH_ROW_SIZE))
                0x00000000                appl_start = (CY_APPL_NUM == 0x1)?appl1_start:appl2_start
                0x00000000                ecc_offset = ((appl_start / CY_FLASH_ROW_SIZE) * CY_ECC_ROW_SIZE)
                0x00000000                ee_offset = (CY_APPL_LOADABLE && ! (CY_EE_IN_BTLDR))?((CY_EE_SIZE / CY_APPL_MAX) * (CY_APPL_NUM - 0x1)):0x0
                0x00000800                ee_size = (CY_APPL_LOADABLE && ! (CY_EE_IN_BTLDR))?(CY_EE_SIZE / CY_APPL_MAX):CY_EE_SIZE
                [!provide]                PROVIDE (CY_ECC_OFFSET, ecc_offset)

.text           0x00000000     0x1642
 CREATE_OBJECT_SYMBOLS
                0x00000000                PROVIDE (__cy_interrupt_vector, RomVectors)
 *(.romvectors)
 .romvectors    0x00000000       0x10 .\CortexM3\ARM_GCC_541\Debug\Cm3Start.o
                0x00000000                RomVectors
                0x00000001                ASSERT ((. != __cy_interrupt_vector), No interrupt vector)
                0x00000001                ASSERT (CY_APPL_ORIGIN?(SIZEOF (.cybootloader) <= CY_APPL_ORIGIN):0x1, Wrong image location)
                0x00000010                PROVIDE (__cy_reset, Reset)
 *(.text.Reset)
 .text.Reset    0x00000010       0x18 .\CortexM3\ARM_GCC_541\Debug\Cm3Start.o
                0x00000010                Reset
                0x00000001                ASSERT ((. != __cy_reset), No reset code)
 *(.dma_init)
                0x00000001                ASSERT ((((appl_start + .) <= 0x10000) || 0x1), DMA Init must be within the first 64k of flash)
 *(.text .text.* .gnu.linkonce.t.*)
 .text          0x00000028       0x5c c:/program files (x86)/cypress/psoc creator/4.2/psoc creator/import/gnu/arm/5.4.1/bin/../lib/gcc/arm-none-eabi/5.4.1/armv7-m/crtbegin.o
 .text.setSpeeds
                0x00000084       0x48 .\CortexM3\ARM_GCC_541\Debug\main.o
                0x00000084                setSpeeds
 .text.MYTime   0x000000cc       0x1c .\CortexM3\ARM_GCC_541\Debug\main.o
                0x000000cc                MYTime
 .text.main     0x000000e8      0x2e0 .\CortexM3\ARM_GCC_541\Debug\main.o
                0x000000e8                main
 .text.CyClockStartupError
                0x000003c8        0x4 .\CortexM3\ARM_GCC_541\Debug\cyfitter_cfg.o
 .text.cfg_write_bytes32
                0x000003cc       0x34 .\CortexM3\ARM_GCC_541\Debug\cyfitter_cfg.o
 .text.CYMEMZERO
                0x00000400        0xc .\CortexM3\ARM_GCC_541\Debug\cyfitter_cfg.o
 .text.AnalogSetDefault
                0x0000040c       0xb0 .\CortexM3\ARM_GCC_541\Debug\cyfitter_cfg.o
 .text.CYCONFIGCPY
                0x000004bc        0x8 .\CortexM3\ARM_GCC_541\Debug\cyfitter_cfg.o
 .text.ClockSetup
                0x000004c4       0xf4 .\CortexM3\ARM_GCC_541\Debug\cyfitter_cfg.o
 .text.cyfitter_cfg
                0x000005b8      0x144 .\CortexM3\ARM_GCC_541\Debug\cyfitter_cfg.o
                0x000005b8                cyfitter_cfg
 .text.IntDefaultHandler
                0x000006fc       0x10 .\CortexM3\ARM_GCC_541\Debug\Cm3Start.o
                0x000006fc                IntDefaultHandler
 .text.Start_c  0x0000070c       0x4c .\CortexM3\ARM_GCC_541\Debug\Cm3Start.o
                0x0000070c                Start_c
 .text.initialize_psoc
                0x00000758       0x6c .\CortexM3\ARM_GCC_541\Debug\Cm3Start.o
                0x00000758                initialize_psoc
 .text.LEFT_PWM_Enable
                0x000007c4       0x28 .\CortexM3\ARM_GCC_541\Debug\potrobika.a(LEFT_PWM.o)
                0x000007c4                LEFT_PWM_Enable
 .text.LEFT_PWM_WritePeriod
                0x000007ec        0xc .\CortexM3\ARM_GCC_541\Debug\potrobika.a(LEFT_PWM.o)
                0x000007ec                LEFT_PWM_WritePeriod
 .text.LEFT_PWM_WriteCompare
                0x000007f8        0xc .\CortexM3\ARM_GCC_541\Debug\potrobika.a(LEFT_PWM.o)
                0x000007f8                LEFT_PWM_WriteCompare
 .text.LEFT_PWM_SetInterruptMode
                0x00000804        0xc .\CortexM3\ARM_GCC_541\Debug\potrobika.a(LEFT_PWM.o)
                0x00000804                LEFT_PWM_SetInterruptMode
 .text.LEFT_PWM_Init
                0x00000810       0x74 .\CortexM3\ARM_GCC_541\Debug\potrobika.a(LEFT_PWM.o)
                0x00000810                LEFT_PWM_Init
 .text.LEFT_PWM_Start
                0x00000884       0x1c .\CortexM3\ARM_GCC_541\Debug\potrobika.a(LEFT_PWM.o)
                0x00000884                LEFT_PWM_Start
 .text.IR_FL1_Read
                0x000008a0       0x10 .\CortexM3\ARM_GCC_541\Debug\potrobika.a(IR_FL1.o)
                0x000008a0                IR_FL1_Read
 .text.IR_FR2_Read
                0x000008b0        0xc .\CortexM3\ARM_GCC_541\Debug\potrobika.a(IR_FR2.o)
                0x000008b0                IR_FR2_Read
 .text.BSTARTGOMB_Read
                0x000008bc       0x10 .\CortexM3\ARM_GCC_541\Debug\potrobika.a(BSTARTGOMB.o)
                0x000008bc                BSTARTGOMB_Read
 .text.RIGHT_PWM_Enable
                0x000008cc       0x28 .\CortexM3\ARM_GCC_541\Debug\potrobika.a(RIGHT_PWM.o)
                0x000008cc                RIGHT_PWM_Enable
 .text.RIGHT_PWM_WritePeriod
                0x000008f4        0xc .\CortexM3\ARM_GCC_541\Debug\potrobika.a(RIGHT_PWM.o)
                0x000008f4                RIGHT_PWM_WritePeriod
 .text.RIGHT_PWM_WriteCompare
                0x00000900        0xc .\CortexM3\ARM_GCC_541\Debug\potrobika.a(RIGHT_PWM.o)
                0x00000900                RIGHT_PWM_WriteCompare
 .text.RIGHT_PWM_SetInterruptMode
                0x0000090c        0xc .\CortexM3\ARM_GCC_541\Debug\potrobika.a(RIGHT_PWM.o)
                0x0000090c                RIGHT_PWM_SetInterruptMode
 .text.RIGHT_PWM_Init
                0x00000918       0x74 .\CortexM3\ARM_GCC_541\Debug\potrobika.a(RIGHT_PWM.o)
                0x00000918                RIGHT_PWM_Init
 .text.RIGHT_PWM_Start
                0x0000098c       0x1c .\CortexM3\ARM_GCC_541\Debug\potrobika.a(RIGHT_PWM.o)
                0x0000098c                RIGHT_PWM_Start
 .text.LEFT_MOTOR_DIR_Write
                0x000009a8       0x18 .\CortexM3\ARM_GCC_541\Debug\potrobika.a(LEFT_MOTOR_DIR.o)
                0x000009a8                LEFT_MOTOR_DIR_Write
 .text.RIGHT_MOTOR_DIR_Write
                0x000009c0       0x18 .\CortexM3\ARM_GCC_541\Debug\potrobika.a(RIGHT_MOTOR_DIR.o)
                0x000009c0                RIGHT_MOTOR_DIR_Write
 .text.BSTOPGOMB_Read
                0x000009d8       0x10 .\CortexM3\ARM_GCC_541\Debug\potrobika.a(BSTOPGOMB.o)
                0x000009d8                BSTOPGOMB_Read
 .text.BLED3_Write
                0x000009e8       0x18 .\CortexM3\ARM_GCC_541\Debug\potrobika.a(BLED3.o)
                0x000009e8                BLED3_Write
 .text.CyDmacConfigure
                0x00000a00       0x34 .\CortexM3\ARM_GCC_541\Debug\potrobika.a(CyDmac.o)
                0x00000a00                CyDmacConfigure
 .text.CyHalt   0x00000a34        0x4 .\CortexM3\ARM_GCC_541\Debug\potrobika.a(CyLib.o)
                0x00000a34                CyHalt
 .text.CyDelayUs
                0x00000a38       0x14 .\CortexM3\ARM_GCC_541\Debug\potrobika.a(CyLib.o)
                0x00000a38                CyDelayUs
 .text.CyIntSetSysVector
                0x00000a4c       0x28 .\CortexM3\ARM_GCC_541\Debug\potrobika.a(CyLib.o)
                0x00000a4c                CyIntSetSysVector
 .text.CyIntSetVector
                0x00000a74       0x28 .\CortexM3\ARM_GCC_541\Debug\potrobika.a(CyLib.o)
                0x00000a74                CyIntSetVector
 .text.CyIntSetPriority
                0x00000a9c       0x30 .\CortexM3\ARM_GCC_541\Debug\potrobika.a(CyLib.o)
                0x00000a9c                CyIntSetPriority
 .text.CySysTickEnableInterrupt
                0x00000acc       0x10 .\CortexM3\ARM_GCC_541\Debug\potrobika.a(CyLib.o)
                0x00000acc                CySysTickEnableInterrupt
 .text.CySysTickEnable
                0x00000adc       0x18 .\CortexM3\ARM_GCC_541\Debug\potrobika.a(CyLib.o)
                0x00000adc                CySysTickEnable
 .text.CySysTickSetReload
                0x00000af4       0x10 .\CortexM3\ARM_GCC_541\Debug\potrobika.a(CyLib.o)
                0x00000af4                CySysTickSetReload
 .text.CySysTickGetValue
                0x00000b04       0x10 .\CortexM3\ARM_GCC_541\Debug\potrobika.a(CyLib.o)
                0x00000b04                CySysTickGetValue
 .text.CySysTickSetClockSource
                0x00000b14       0x20 .\CortexM3\ARM_GCC_541\Debug\potrobika.a(CyLib.o)
                0x00000b14                CySysTickSetClockSource
 .text.CySysTickGetCountFlag
                0x00000b34       0x10 .\CortexM3\ARM_GCC_541\Debug\potrobika.a(CyLib.o)
                0x00000b34                CySysTickGetCountFlag
 .text.CySysTickServiceCallbacks
                0x00000b44       0x28 .\CortexM3\ARM_GCC_541\Debug\potrobika.a(CyLib.o)
 .text.CySysTickClear
                0x00000b6c        0xc .\CortexM3\ARM_GCC_541\Debug\potrobika.a(CyLib.o)
                0x00000b6c                CySysTickClear
 .text.CySysTickInit
                0x00000b78       0x58 .\CortexM3\ARM_GCC_541\Debug\potrobika.a(CyLib.o)
                0x00000b78                CySysTickInit
 .text.CySysTickStart
                0x00000bd0       0x1c .\CortexM3\ARM_GCC_541\Debug\potrobika.a(CyLib.o)
                0x00000bd0                CySysTickStart
 .text.ADC_pot_CalcGain
                0x00000bec       0x64 .\CortexM3\ARM_GCC_541\Debug\potrobika.a(ADC_pot.o)
 .text.ADC_pot_Enable
                0x00000c50       0x94 .\CortexM3\ARM_GCC_541\Debug\potrobika.a(ADC_pot.o)
                0x00000c50                ADC_pot_Enable
 .text.ADC_pot_SetResolution
                0x00000ce4       0x38 .\CortexM3\ARM_GCC_541\Debug\potrobika.a(ADC_pot.o)
                0x00000ce4                ADC_pot_SetResolution
 .text.ADC_pot_Init
                0x00000d1c       0x3c .\CortexM3\ARM_GCC_541\Debug\potrobika.a(ADC_pot.o)
                0x00000d1c                ADC_pot_Init
 .text.ADC_pot_Start
                0x00000d58       0x1c .\CortexM3\ARM_GCC_541\Debug\potrobika.a(ADC_pot.o)
                0x00000d58                ADC_pot_Start
 .text.ADC_pot_StartConvert
                0x00000d74       0x18 .\CortexM3\ARM_GCC_541\Debug\potrobika.a(ADC_pot.o)
                0x00000d74                ADC_pot_StartConvert
 .text.ADC_pot_GetResult16
                0x00000d8c       0x18 .\CortexM3\ARM_GCC_541\Debug\potrobika.a(ADC_pot.o)
                0x00000d8c                ADC_pot_GetResult16
 .text.ADC_pot_ISR
                0x00000da4        0x4 .\CortexM3\ARM_GCC_541\Debug\potrobika.a(ADC_pot_INT.o)
                0x00000da4                ADC_pot_ISR
 .text.ADC_pot_theACLK_SetModeRegister
                0x00000da8       0x14 .\CortexM3\ARM_GCC_541\Debug\potrobika.a(ADC_pot_theACLK.o)
                0x00000da8                ADC_pot_theACLK_SetModeRegister
 *fill*         0x00000dbc        0x4 
 .text          0x00000dc0       0x20 .\CortexM3\ARM_GCC_541\Debug\potrobika.a(CyBootAsmGnu.o)
                0x00000dc0                CyDelayCycles
                0x00000dd0                CyEnterCriticalSection
                0x00000dd8                CyExitCriticalSection
 .text          0x00000de0      0x370 c:/program files (x86)/cypress/psoc creator/4.2/psoc creator/import/gnu/arm/5.4.1/bin/../lib/gcc/arm-none-eabi/5.4.1/armv7-m\libgcc.a(_arm_addsubdf3.o)
                0x00000de0                __aeabi_drsub
                0x00000de8                __aeabi_dsub
                0x00000de8                __subdf3
                0x00000dec                __aeabi_dadd
                0x00000dec                __adddf3
                0x00001064                __floatunsidf
                0x00001064                __aeabi_ui2d
                0x00001084                __floatsidf
                0x00001084                __aeabi_i2d
                0x000010a8                __aeabi_f2d
                0x000010a8                __extendsfdf2
                0x000010e4                __floatundidf
                0x000010e4                __aeabi_ul2d
                0x000010f4                __floatdidf
                0x000010f4                __aeabi_l2d
 .text          0x00001150      0x424 c:/program files (x86)/cypress/psoc creator/4.2/psoc creator/import/gnu/arm/5.4.1/bin/../lib/gcc/arm-none-eabi/5.4.1/armv7-m\libgcc.a(_arm_muldivdf3.o)
                0x00001150                __aeabi_dmul
                0x00001150                __muldf3
                0x000013a4                __divdf3
                0x000013a4                __aeabi_ddiv
 .text          0x00001574       0x50 c:/program files (x86)/cypress/psoc creator/4.2/psoc creator/import/gnu/arm/5.4.1/bin/../lib/gcc/arm-none-eabi/5.4.1/armv7-m\libgcc.a(_arm_fixdfsi.o)
                0x00001574                __aeabi_d2iz
                0x00001574                __fixdfsi
 .text.__errno  0x000015c4        0xc c:/program files (x86)/cypress/psoc creator/4.2/psoc creator/import/gnu/arm/5.4.1/bin/../lib/gcc/arm-none-eabi/5.4.1/../../../../arm-none-eabi/lib/armv7-m\libg_nano.a(lib_a-errno.o)
                0x000015c4                __errno
 .text.__libc_init_array
                0x000015d0       0x4c c:/program files (x86)/cypress/psoc creator/4.2/psoc creator/import/gnu/arm/5.4.1/bin/../lib/gcc/arm-none-eabi/5.4.1/../../../../arm-none-eabi/lib/armv7-m\libg_nano.a(lib_a-init.o)
                0x000015d0                __libc_init_array
 .text.memcpy   0x0000161c       0x16 c:/program files (x86)/cypress/psoc creator/4.2/psoc creator/import/gnu/arm/5.4.1/bin/../lib/gcc/arm-none-eabi/5.4.1/../../../../arm-none-eabi/lib/armv7-m\libg_nano.a(lib_a-memcpy-stub.o)
                0x0000161c                memcpy
 .text.memset   0x00001632       0x10 c:/program files (x86)/cypress/psoc creator/4.2/psoc creator/import/gnu/arm/5.4.1/bin/../lib/gcc/arm-none-eabi/5.4.1/../../../../arm-none-eabi/lib/armv7-m\libg_nano.a(lib_a-memset.o)
                0x00001632                memset
 *(.plt)
 *(.gnu.warning)
 *(.glue_7t)
 .glue_7t       0x00001642        0x0 linker stubs
 *(.glue_7)
 .glue_7        0x00001642        0x0 linker stubs
 *(.vfp11_veneer)
 .vfp11_veneer  0x00001642        0x0 linker stubs
 *(.bootloader)
 *(.ARM.extab* .gnu.linkonce.armextab.*)
 *(.gcc_except_table)

.v4_bx          0x00001644        0x0
 .v4_bx         0x00001644        0x0 linker stubs

.iplt           0x00001644        0x0
 .iplt          0x00001644        0x0 c:/program files (x86)/cypress/psoc creator/4.2/psoc creator/import/gnu/arm/5.4.1/bin/../lib/gcc/arm-none-eabi/5.4.1/armv7-m/crtbegin.o

.eh_frame_hdr
 *(.eh_frame_hdr)

.eh_frame       0x00001644        0x4
 *(.eh_frame)
 .eh_frame      0x00001644        0x0 c:/program files (x86)/cypress/psoc creator/4.2/psoc creator/import/gnu/arm/5.4.1/bin/../lib/gcc/arm-none-eabi/5.4.1/armv7-m/crtbegin.o
 .eh_frame      0x00001644        0x4 c:/program files (x86)/cypress/psoc creator/4.2/psoc creator/import/gnu/arm/5.4.1/bin/../lib/gcc/arm-none-eabi/5.4.1/armv7-m/crtend.o
                [!provide]                PROVIDE (__exidx_start, .)

.ARM.exidx
 *(.ARM.exidx* .gnu.linkonce.armexidx.*)
                0x00001648                __exidx_end = .

.rodata         0x00001648       0x70
 *(.rodata .rodata.* .gnu.linkonce.r.*)
 .rodata        0x00001648       0x36 .\CortexM3\ARM_GCC_541\Debug\cyfitter_cfg.o
 .rodata.str1.1
                0x0000167e        0x2 c:/program files (x86)/cypress/psoc creator/4.2/psoc creator/import/gnu/arm/5.4.1/bin/../lib/gcc/arm-none-eabi/5.4.1/../../../../arm-none-eabi/lib/armv7-m\libg_nano.a(lib_a-impure.o)
                0x00001680                . = ALIGN (0x4)
 *(.init)
 .init          0x00001680        0x4 c:/program files (x86)/cypress/psoc creator/4.2/psoc creator/import/gnu/arm/5.4.1/bin/../lib/gcc/arm-none-eabi/5.4.1/armv7-m/crti.o
                0x00001680                _init
 .init          0x00001684        0x8 c:/program files (x86)/cypress/psoc creator/4.2/psoc creator/import/gnu/arm/5.4.1/bin/../lib/gcc/arm-none-eabi/5.4.1/armv7-m/crtn.o
                0x0000168c                . = ALIGN (0x4)
                0x0000168c                __preinit_array_start = .
 *(.preinit_array)
                0x0000168c                __preinit_array_end = .
                0x0000168c                . = ALIGN (0x4)
                0x0000168c                __init_array_start = .
 *(SORT(.init_array.*))
 *(.init_array)
 .init_array    0x0000168c        0x4 c:/program files (x86)/cypress/psoc creator/4.2/psoc creator/import/gnu/arm/5.4.1/bin/../lib/gcc/arm-none-eabi/5.4.1/armv7-m/crtbegin.o
 .init_array    0x00001690        0x4 .\CortexM3\ARM_GCC_541\Debug\Cm3Start.o
                0x00001694                __init_array_end = .
                0x00001694                . = ALIGN (0x4)
 *(.fini)
 .fini          0x00001694        0x4 c:/program files (x86)/cypress/psoc creator/4.2/psoc creator/import/gnu/arm/5.4.1/bin/../lib/gcc/arm-none-eabi/5.4.1/armv7-m/crti.o
                0x00001694                _fini
 .fini          0x00001698        0x8 c:/program files (x86)/cypress/psoc creator/4.2/psoc creator/import/gnu/arm/5.4.1/bin/../lib/gcc/arm-none-eabi/5.4.1/armv7-m/crtn.o
                0x000016a0                . = ALIGN (0x4)
                0x000016a0                __fini_array_start = .
 *(.fini_array)
 .fini_array    0x000016a0        0x4 c:/program files (x86)/cypress/psoc creator/4.2/psoc creator/import/gnu/arm/5.4.1/bin/../lib/gcc/arm-none-eabi/5.4.1/armv7-m/crtbegin.o
 *(SORT(.fini_array.*))
                0x000016a4                __fini_array_end = .
                0x000016a4                . = ALIGN (0x4)
 *crtbegin.o(.ctors)
 *(EXCLUDE_FILE(*crtend.o) .ctors)
 *(SORT(.ctors.*))
 *crtend.o(.ctors)
                0x000016a4                . = ALIGN (0x4)
 *crtbegin.o(.dtors)
 *(EXCLUDE_FILE(*crtend.o) .dtors)
 *(SORT(.dtors.*))
 *crtend.o(.dtors)
                0x000016a4                . = ALIGN (0x4)
                0x000016a4                __cy_regions = .
                0x000016a4        0x4 LONG 0x16b8 __cy_region_init_ram
                0x000016a8        0x4 LONG 0x1fff80c8 __cy_region_start_data
                0x000016ac        0x4 LONG 0x98 __cy_region_init_size_ram
                0x000016b0        0x4 LONG 0x50 __cy_region_zero_size_ram
                0x000016b4                __cy_regions_end = .
                0x000016b8                . = ALIGN (0x8)
 *fill*         0x000016b4        0x4 
                0x000016b8                _etext = .

.cy_checksum_exclude
                0x000016b8        0x0
 *(.cy_checksum_exclude)

.ramvectors     0x1fff8000       0xc0
                0x1fff8000                __cy_region_start_ram = .
 *(.ramvectors)
 .ramvectors    0x1fff8000       0xc0 .\CortexM3\ARM_GCC_541\Debug\Cm3Start.o
                0x1fff8000                CyRamVectors

.noinit         0x1fff80c0        0x1
 *(.noinit)
 .noinit        0x1fff80c0        0x1 .\CortexM3\ARM_GCC_541\Debug\potrobika.a(CyLib.o)
                0x1fff80c0                CyResetStatus

.data           0x1fff80c8       0x98 load address 0x000016b8
                0x1fff80c8                __cy_region_start_data = .
 *(.jcr)
 .jcr           0x1fff80c8        0x0 c:/program files (x86)/cypress/psoc creator/4.2/psoc creator/import/gnu/arm/5.4.1/bin/../lib/gcc/arm-none-eabi/5.4.1/armv7-m/crtbegin.o
 .jcr           0x1fff80c8        0x4 c:/program files (x86)/cypress/psoc creator/4.2/psoc creator/import/gnu/arm/5.4.1/bin/../lib/gcc/arm-none-eabi/5.4.1/armv7-m/crtend.o
 *(.got.plt)
 *(.got)
 *(.shdata)
 *(.data .data.* .gnu.linkonce.d.*)
 .data          0x1fff80cc       0x18 .\CortexM3\ARM_GCC_541\Debug\main.o
                0x1fff80cc                tomb
 .data          0x1fff80e4        0x8 .\CortexM3\ARM_GCC_541\Debug\potrobika.a(CyDmac.o)
 .data          0x1fff80ec       0x10 .\CortexM3\ARM_GCC_541\Debug\potrobika.a(CyLib.o)
                0x1fff80ec                cydelay_32k_ms
                0x1fff80f0                cydelay_freq_khz
                0x1fff80f4                cydelay_freq_mhz
                0x1fff80f8                cydelay_freq_hz
 .data.impure_data
                0x1fff80fc       0x60 c:/program files (x86)/cypress/psoc creator/4.2/psoc creator/import/gnu/arm/5.4.1/bin/../lib/gcc/arm-none-eabi/5.4.1/../../../../arm-none-eabi/lib/armv7-m\libg_nano.a(lib_a-impure.o)
 .data._impure_ptr
                0x1fff815c        0x4 c:/program files (x86)/cypress/psoc creator/4.2/psoc creator/import/gnu/arm/5.4.1/bin/../lib/gcc/arm-none-eabi/5.4.1/../../../../arm-none-eabi/lib/armv7-m\libg_nano.a(lib_a-impure.o)
                0x1fff815c                _impure_ptr
                0x1fff8160                . = ALIGN (0x8)
 *(.ram)
                0x1fff8160                _edata = .

.igot.plt       0x1fff8160        0x0 load address 0x00001750
 .igot.plt      0x1fff8160        0x0 c:/program files (x86)/cypress/psoc creator/4.2/psoc creator/import/gnu/arm/5.4.1/bin/../lib/gcc/arm-none-eabi/5.4.1/armv7-m/crtbegin.o

.bss            0x1fff8160       0x50 load address 0x00001750
                0x1fff8160                PROVIDE (__bss_start__, .)
 *(.shbss)
 *(.bss .bss.* .gnu.linkonce.b.*)
 .bss           0x1fff8160       0x1c c:/program files (x86)/cypress/psoc creator/4.2/psoc creator/import/gnu/arm/5.4.1/bin/../lib/gcc/arm-none-eabi/5.4.1/armv7-m/crtbegin.o
 .bss           0x1fff817c        0x4 .\CortexM3\ARM_GCC_541\Debug\main.o
                0x1fff817c                lastTime
 .bss           0x1fff8180        0x1 .\CortexM3\ARM_GCC_541\Debug\potrobika.a(LEFT_PWM.o)
                0x1fff8180                LEFT_PWM_initVar
 .bss           0x1fff8181        0x1 .\CortexM3\ARM_GCC_541\Debug\potrobika.a(RIGHT_PWM.o)
                0x1fff8181                RIGHT_PWM_initVar
 *fill*         0x1fff8182        0x2 
 .bss           0x1fff8184       0x1c .\CortexM3\ARM_GCC_541\Debug\potrobika.a(CyLib.o)
                0x1fff819c                CySysTickInitVar
 .bss           0x1fff81a0        0x1 .\CortexM3\ARM_GCC_541\Debug\potrobika.a(ADC_pot.o)
                0x1fff81a0                ADC_pot_initVar
 *(COMMON)
 *fill*         0x1fff81a1        0x3 
 COMMON         0x1fff81a4        0xa .\CortexM3\ARM_GCC_541\Debug\potrobika.a(ADC_pot.o)
                0x1fff81a4                ADC_pot_countsPer10Volt
                0x1fff81a8                ADC_pot_countsPerVolt
                0x1fff81aa                ADC_pot_shift
                0x1fff81ac                ADC_pot_offset
                0x1fff81b0                . = ALIGN (0x8)
 *fill*         0x1fff81ae        0x2 
 *(.ram.b)
                0x1fff81b0                _end = .
                0x1fff81b0                __end = .
                0x1fff81b0                PROVIDE (end, .)
                0x1fff81b0                PROVIDE (__bss_end__, .)
                0x000016b8                __cy_region_init_ram = LOADADDR (.data)
                0x00000098                __cy_region_init_size_ram = (_edata - ADDR (.data))
                0x00000050                __cy_region_zero_size_ram = (_end - _edata)

.heap           0x1fff81b0       0x80 load address 0x00001750
                0x1fff81b0                . = _end
                0x1fff8230                . = (. + 0x80)
 *fill*         0x1fff81b0       0x80 
                0x1fff8230                __cy_heap_limit = .

.stack          0x20007800      0x800
                0x20007800                __cy_stack_limit = .
                0x20008000                . = (. + 0x800)
 *fill*         0x20007800      0x800 
                0x00000001                ASSERT ((__cy_stack_limit >= __cy_heap_limit), region RAM overflowed with stack)
                0x00000000                cy_checksum_exclude_size = (CY_APPL_LOADABLE == 0x1)?SIZEOF (.cy_checksum_exclude):0x0
                0x00000001                ASSERT ((cy_checksum_exclude_size <= CY_CHECKSUM_EXCLUDE_SIZE), CY_BOOT: Section .cy_checksum_exclude size exceedes specified limit.)

.cyloadermeta
 *(.cyloadermeta)

.cyloadablemeta
 *(.cyloadablemeta)

.cyconfigecc    0x80000000      0x584
 *(.cyconfigecc)
 .cyconfigecc   0x80000000      0x584 .\CortexM3\ARM_GCC_541\Debug\cymetadata.o
                0x80000000                cy_meta_configecc

.cycustnvl      0x90000000        0x4
 *(.cycustnvl)
 .cycustnvl     0x90000000        0x4 .\CortexM3\ARM_GCC_541\Debug\cymetadata.o
                0x90000000                cy_meta_custnvl

.cywolatch      0x90100000        0x4
 *(.cywolatch)
 .cywolatch     0x90100000        0x4 .\CortexM3\ARM_GCC_541\Debug\cymetadata.o
                0x90100000                cy_meta_wonvl

.cyeeprom       0x90200000        0x0
 *(.cyeeprom)
                0x00000001                ASSERT ((. <= ((0x90200000 + ee_offset) + ee_size)), .cyeeprom data will not fit in EEPROM)

.cyflashprotect
                0x90400000      0x100
 *(.cyflashprotect)
 .cyflashprotect
                0x90400000      0x100 .\CortexM3\ARM_GCC_541\Debug\cymetadata.o
                0x90400000                cy_meta_flashprotect

.cymeta         0x90500000        0xc
 *(.cymeta)
 .cymeta        0x90500000        0xc .\CortexM3\ARM_GCC_541\Debug\cymetadata.o
                0x90500000                cy_metadata

.rel.dyn        0x00001750        0x0 load address 0x9050000c
 .rel.iplt      0x00001750        0x0 c:/program files (x86)/cypress/psoc creator/4.2/psoc creator/import/gnu/arm/5.4.1/bin/../lib/gcc/arm-none-eabi/5.4.1/armv7-m/crtbegin.o

.stab
 *(.stab)

.stabstr
 *(.stabstr)

.debug
 *(.debug)

.line
 *(.line)

.debug_srcinfo
 *(.debug_srcinfo)

.debug_sfnames
 *(.debug_sfnames)

.debug_aranges  0x00000000      0x9e0
 *(.debug_aranges)
 .debug_aranges
                0x00000000       0x30 .\CortexM3\ARM_GCC_541\Debug\main.o
 .debug_aranges
                0x00000030       0x58 .\CortexM3\ARM_GCC_541\Debug\cyfitter_cfg.o
 .debug_aranges
                0x00000088       0x18 .\CortexM3\ARM_GCC_541\Debug\cymetadata.o
 .debug_aranges
                0x000000a0       0x48 .\CortexM3\ARM_GCC_541\Debug\Cm3Start.o
 .debug_aranges
                0x000000e8       0x78 .\CortexM3\ARM_GCC_541\Debug\potrobika.a(LEFT_PWM.o)
 .debug_aranges
                0x00000160       0x38 .\CortexM3\ARM_GCC_541\Debug\potrobika.a(IR_FL1.o)
 .debug_aranges
                0x00000198       0x38 .\CortexM3\ARM_GCC_541\Debug\potrobika.a(IR_FR2.o)
 .debug_aranges
                0x000001d0       0x38 .\CortexM3\ARM_GCC_541\Debug\potrobika.a(BSTARTGOMB.o)
 .debug_aranges
                0x00000208       0x78 .\CortexM3\ARM_GCC_541\Debug\potrobika.a(RIGHT_PWM.o)
 .debug_aranges
                0x00000280       0x38 .\CortexM3\ARM_GCC_541\Debug\potrobika.a(LEFT_MOTOR_DIR.o)
 .debug_aranges
                0x000002b8       0x38 .\CortexM3\ARM_GCC_541\Debug\potrobika.a(RIGHT_MOTOR_DIR.o)
 .debug_aranges
                0x000002f0       0x38 .\CortexM3\ARM_GCC_541\Debug\potrobika.a(BSTOPGOMB.o)
 .debug_aranges
                0x00000328       0x38 .\CortexM3\ARM_GCC_541\Debug\potrobika.a(BLED3.o)
 .debug_aranges
                0x00000360       0xd8 .\CortexM3\ARM_GCC_541\Debug\potrobika.a(CyDmac.o)
 .debug_aranges
                0x00000438      0x2a0 .\CortexM3\ARM_GCC_541\Debug\potrobika.a(CyLib.o)
 .debug_aranges
                0x000006d8       0x98 .\CortexM3\ARM_GCC_541\Debug\potrobika.a(cyPm.o)
 .debug_aranges
                0x00000770       0xa8 .\CortexM3\ARM_GCC_541\Debug\potrobika.a(ADC_pot.o)
 .debug_aranges
                0x00000818       0x20 .\CortexM3\ARM_GCC_541\Debug\potrobika.a(ADC_pot_INT.o)
 .debug_aranges
                0x00000838       0x80 .\CortexM3\ARM_GCC_541\Debug\potrobika.a(ADC_pot_theACLK.o)
 .debug_aranges
                0x000008b8       0x20 .\CortexM3\ARM_GCC_541\Debug\potrobika.a(CyBootAsmGnu.o)
 .debug_aranges
                0x000008d8       0x88 .\CortexM3\ARM_GCC_541\Debug\potrobika.a(CyFlash.o)
 .debug_aranges
                0x00000960       0x80 .\CortexM3\ARM_GCC_541\Debug\potrobika.a(CySpc.o)

.debug_pubnames
 *(.debug_pubnames)

.debug_info     0x00000000     0x58ba
 *(.debug_info .gnu.linkonce.wi.*)
 .debug_info    0x00000000      0x4e6 .\CortexM3\ARM_GCC_541\Debug\main.o
 .debug_info    0x000004e6      0x5d8 .\CortexM3\ARM_GCC_541\Debug\cyfitter_cfg.o
 .debug_info    0x00000abe      0x136 .\CortexM3\ARM_GCC_541\Debug\cymetadata.o
 .debug_info    0x00000bf4      0x3cf .\CortexM3\ARM_GCC_541\Debug\Cm3Start.o
 .debug_info    0x00000fc3      0x27f .\CortexM3\ARM_GCC_541\Debug\potrobika.a(LEFT_PWM.o)
 .debug_info    0x00001242      0x11f .\CortexM3\ARM_GCC_541\Debug\potrobika.a(IR_FL1.o)
 .debug_info    0x00001361      0x11f .\CortexM3\ARM_GCC_541\Debug\potrobika.a(IR_FR2.o)
 .debug_info    0x00001480      0x11f .\CortexM3\ARM_GCC_541\Debug\potrobika.a(BSTARTGOMB.o)
 .debug_info    0x0000159f      0x27f .\CortexM3\ARM_GCC_541\Debug\potrobika.a(RIGHT_PWM.o)
 .debug_info    0x0000181e      0x11f .\CortexM3\ARM_GCC_541\Debug\potrobika.a(LEFT_MOTOR_DIR.o)
 .debug_info    0x0000193d      0x11f .\CortexM3\ARM_GCC_541\Debug\potrobika.a(RIGHT_MOTOR_DIR.o)
 .debug_info    0x00001a5c      0x11f .\CortexM3\ARM_GCC_541\Debug\potrobika.a(BSTOPGOMB.o)
 .debug_info    0x00001b7b      0x11f .\CortexM3\ARM_GCC_541\Debug\potrobika.a(BLED3.o)
 .debug_info    0x00001c9a      0x94e .\CortexM3\ARM_GCC_541\Debug\potrobika.a(CyDmac.o)
 .debug_info    0x000025e8     0x1374 .\CortexM3\ARM_GCC_541\Debug\potrobika.a(CyLib.o)
 .debug_info    0x0000395c      0xa2a .\CortexM3\ARM_GCC_541\Debug\potrobika.a(cyPm.o)
 .debug_info    0x00004386      0x5c0 .\CortexM3\ARM_GCC_541\Debug\potrobika.a(ADC_pot.o)
 .debug_info    0x00004946       0x92 .\CortexM3\ARM_GCC_541\Debug\potrobika.a(ADC_pot_INT.o)
 .debug_info    0x000049d8      0x2c4 .\CortexM3\ARM_GCC_541\Debug\potrobika.a(ADC_pot_theACLK.o)
 .debug_info    0x00004c9c       0x81 .\CortexM3\ARM_GCC_541\Debug\potrobika.a(CyBootAsmGnu.o)
 .debug_info    0x00004d1d      0x64d .\CortexM3\ARM_GCC_541\Debug\potrobika.a(CyFlash.o)
 .debug_info    0x0000536a      0x550 .\CortexM3\ARM_GCC_541\Debug\potrobika.a(CySpc.o)

.debug_abbrev   0x00000000     0x180d
 *(.debug_abbrev)
 .debug_abbrev  0x00000000      0x157 .\CortexM3\ARM_GCC_541\Debug\main.o
 .debug_abbrev  0x00000157      0x1fe .\CortexM3\ARM_GCC_541\Debug\cyfitter_cfg.o
 .debug_abbrev  0x00000355       0x77 .\CortexM3\ARM_GCC_541\Debug\cymetadata.o
 .debug_abbrev  0x000003cc      0x1e8 .\CortexM3\ARM_GCC_541\Debug\Cm3Start.o
 .debug_abbrev  0x000005b4      0x12d .\CortexM3\ARM_GCC_541\Debug\potrobika.a(LEFT_PWM.o)
 .debug_abbrev  0x000006e1       0x90 .\CortexM3\ARM_GCC_541\Debug\potrobika.a(IR_FL1.o)
 .debug_abbrev  0x00000771       0x90 .\CortexM3\ARM_GCC_541\Debug\potrobika.a(IR_FR2.o)
 .debug_abbrev  0x00000801       0x90 .\CortexM3\ARM_GCC_541\Debug\potrobika.a(BSTARTGOMB.o)
 .debug_abbrev  0x00000891      0x12d .\CortexM3\ARM_GCC_541\Debug\potrobika.a(RIGHT_PWM.o)
 .debug_abbrev  0x000009be       0x90 .\CortexM3\ARM_GCC_541\Debug\potrobika.a(LEFT_MOTOR_DIR.o)
 .debug_abbrev  0x00000a4e       0x90 .\CortexM3\ARM_GCC_541\Debug\potrobika.a(RIGHT_MOTOR_DIR.o)
 .debug_abbrev  0x00000ade       0x90 .\CortexM3\ARM_GCC_541\Debug\potrobika.a(BSTOPGOMB.o)
 .debug_abbrev  0x00000b6e       0x90 .\CortexM3\ARM_GCC_541\Debug\potrobika.a(BLED3.o)
 .debug_abbrev  0x00000bfe      0x1b2 .\CortexM3\ARM_GCC_541\Debug\potrobika.a(CyDmac.o)
 .debug_abbrev  0x00000db0      0x254 .\CortexM3\ARM_GCC_541\Debug\potrobika.a(CyLib.o)
 .debug_abbrev  0x00001004      0x1ab .\CortexM3\ARM_GCC_541\Debug\potrobika.a(cyPm.o)
 .debug_abbrev  0x000011af      0x1ac .\CortexM3\ARM_GCC_541\Debug\potrobika.a(ADC_pot.o)
 .debug_abbrev  0x0000135b       0x42 .\CortexM3\ARM_GCC_541\Debug\potrobika.a(ADC_pot_INT.o)
 .debug_abbrev  0x0000139d      0x121 .\CortexM3\ARM_GCC_541\Debug\potrobika.a(ADC_pot_theACLK.o)
 .debug_abbrev  0x000014be       0x14 .\CortexM3\ARM_GCC_541\Debug\potrobika.a(CyBootAsmGnu.o)
 .debug_abbrev  0x000014d2      0x1a7 .\CortexM3\ARM_GCC_541\Debug\potrobika.a(CyFlash.o)
 .debug_abbrev  0x00001679      0x194 .\CortexM3\ARM_GCC_541\Debug\potrobika.a(CySpc.o)

.debug_line     0x00000000     0x262d
 *(.debug_line)
 .debug_line    0x00000000      0x2d9 .\CortexM3\ARM_GCC_541\Debug\main.o
 .debug_line    0x000002d9      0x1f7 .\CortexM3\ARM_GCC_541\Debug\cyfitter_cfg.o
 .debug_line    0x000004d0      0x141 .\CortexM3\ARM_GCC_541\Debug\cymetadata.o
 .debug_line    0x00000611      0x241 .\CortexM3\ARM_GCC_541\Debug\Cm3Start.o
 .debug_line    0x00000852      0x136 .\CortexM3\ARM_GCC_541\Debug\potrobika.a(LEFT_PWM.o)
 .debug_line    0x00000988       0x93 .\CortexM3\ARM_GCC_541\Debug\potrobika.a(IR_FL1.o)
 .debug_line    0x00000a1b       0x93 .\CortexM3\ARM_GCC_541\Debug\potrobika.a(IR_FR2.o)
 .debug_line    0x00000aae       0x97 .\CortexM3\ARM_GCC_541\Debug\potrobika.a(BSTARTGOMB.o)
 .debug_line    0x00000b45      0x137 .\CortexM3\ARM_GCC_541\Debug\potrobika.a(RIGHT_PWM.o)
 .debug_line    0x00000c7c       0x9b .\CortexM3\ARM_GCC_541\Debug\potrobika.a(LEFT_MOTOR_DIR.o)
 .debug_line    0x00000d17       0x9c .\CortexM3\ARM_GCC_541\Debug\potrobika.a(RIGHT_MOTOR_DIR.o)
 .debug_line    0x00000db3       0x96 .\CortexM3\ARM_GCC_541\Debug\potrobika.a(BSTOPGOMB.o)
 .debug_line    0x00000e49       0x92 .\CortexM3\ARM_GCC_541\Debug\potrobika.a(BLED3.o)
 .debug_line    0x00000edb      0x2e4 .\CortexM3\ARM_GCC_541\Debug\potrobika.a(CyDmac.o)
 .debug_line    0x000011bf      0x816 .\CortexM3\ARM_GCC_541\Debug\potrobika.a(CyLib.o)
 .debug_line    0x000019d5      0x367 .\CortexM3\ARM_GCC_541\Debug\potrobika.a(cyPm.o)
 .debug_line    0x00001d3c      0x21c .\CortexM3\ARM_GCC_541\Debug\potrobika.a(ADC_pot.o)
 .debug_line    0x00001f58       0x54 .\CortexM3\ARM_GCC_541\Debug\potrobika.a(ADC_pot_INT.o)
 .debug_line    0x00001fac      0x1a1 .\CortexM3\ARM_GCC_541\Debug\potrobika.a(ADC_pot_theACLK.o)
 .debug_line    0x0000214d       0x66 .\CortexM3\ARM_GCC_541\Debug\potrobika.a(CyBootAsmGnu.o)
 .debug_line    0x000021b3      0x21a .\CortexM3\ARM_GCC_541\Debug\potrobika.a(CyFlash.o)
 .debug_line    0x000023cd      0x260 .\CortexM3\ARM_GCC_541\Debug\potrobika.a(CySpc.o)

.debug_frame    0x00000000     0x186c
 *(.debug_frame)
 .debug_frame   0x00000000       0x70 .\CortexM3\ARM_GCC_541\Debug\main.o
 .debug_frame   0x00000070       0xfc .\CortexM3\ARM_GCC_541\Debug\cyfitter_cfg.o
 .debug_frame   0x0000016c       0xb8 .\CortexM3\ARM_GCC_541\Debug\Cm3Start.o
 .debug_frame   0x00000224       0xe8 .\CortexM3\ARM_GCC_541\Debug\potrobika.a(LEFT_PWM.o)
 .debug_frame   0x0000030c       0x50 .\CortexM3\ARM_GCC_541\Debug\potrobika.a(IR_FL1.o)
 .debug_frame   0x0000035c       0x50 .\CortexM3\ARM_GCC_541\Debug\potrobika.a(IR_FR2.o)
 .debug_frame   0x000003ac       0x50 .\CortexM3\ARM_GCC_541\Debug\potrobika.a(BSTARTGOMB.o)
 .debug_frame   0x000003fc       0xe8 .\CortexM3\ARM_GCC_541\Debug\potrobika.a(RIGHT_PWM.o)
 .debug_frame   0x000004e4       0x50 .\CortexM3\ARM_GCC_541\Debug\potrobika.a(LEFT_MOTOR_DIR.o)
 .debug_frame   0x00000534       0x50 .\CortexM3\ARM_GCC_541\Debug\potrobika.a(RIGHT_MOTOR_DIR.o)
 .debug_frame   0x00000584       0x50 .\CortexM3\ARM_GCC_541\Debug\potrobika.a(BSTOPGOMB.o)
 .debug_frame   0x000005d4       0x50 .\CortexM3\ARM_GCC_541\Debug\potrobika.a(BLED3.o)
 .debug_frame   0x00000624      0x1f8 .\CortexM3\ARM_GCC_541\Debug\potrobika.a(CyDmac.o)
 .debug_frame   0x0000081c      0x738 .\CortexM3\ARM_GCC_541\Debug\potrobika.a(CyLib.o)
 .debug_frame   0x00000f54      0x1f8 .\CortexM3\ARM_GCC_541\Debug\potrobika.a(cyPm.o)
 .debug_frame   0x0000114c      0x1b4 .\CortexM3\ARM_GCC_541\Debug\potrobika.a(ADC_pot.o)
 .debug_frame   0x00001300       0x20 .\CortexM3\ARM_GCC_541\Debug\potrobika.a(ADC_pot_INT.o)
 .debug_frame   0x00001320      0x100 .\CortexM3\ARM_GCC_541\Debug\potrobika.a(ADC_pot_theACLK.o)
 .debug_frame   0x00001420      0x194 .\CortexM3\ARM_GCC_541\Debug\potrobika.a(CyFlash.o)
 .debug_frame   0x000015b4      0x180 .\CortexM3\ARM_GCC_541\Debug\potrobika.a(CySpc.o)
 .debug_frame   0x00001734       0x44 c:/program files (x86)/cypress/psoc creator/4.2/psoc creator/import/gnu/arm/5.4.1/bin/../lib/gcc/arm-none-eabi/5.4.1/armv7-m\libgcc.a(_aeabi_ldivmod.o)
 .debug_frame   0x00001778       0x38 c:/program files (x86)/cypress/psoc creator/4.2/psoc creator/import/gnu/arm/5.4.1/bin/../lib/gcc/arm-none-eabi/5.4.1/armv7-m\libgcc.a(_udivmoddi4.o)
 .debug_frame   0x000017b0       0x20 c:/program files (x86)/cypress/psoc creator/4.2/psoc creator/import/gnu/arm/5.4.1/bin/../lib/gcc/arm-none-eabi/5.4.1/../../../../arm-none-eabi/lib/armv7-m\libg_nano.a(lib_a-errno.o)
 .debug_frame   0x000017d0       0x28 c:/program files (x86)/cypress/psoc creator/4.2/psoc creator/import/gnu/arm/5.4.1/bin/../lib/gcc/arm-none-eabi/5.4.1/../../../../arm-none-eabi/lib/armv7-m\libg_nano.a(lib_a-exit.o)
 .debug_frame   0x000017f8       0x2c c:/program files (x86)/cypress/psoc creator/4.2/psoc creator/import/gnu/arm/5.4.1/bin/../lib/gcc/arm-none-eabi/5.4.1/../../../../arm-none-eabi/lib/armv7-m\libg_nano.a(lib_a-init.o)
 .debug_frame   0x00001824       0x28 c:/program files (x86)/cypress/psoc creator/4.2/psoc creator/import/gnu/arm/5.4.1/bin/../lib/gcc/arm-none-eabi/5.4.1/../../../../arm-none-eabi/lib/armv7-m\libg_nano.a(lib_a-memcpy-stub.o)
 .debug_frame   0x0000184c       0x20 c:/program files (x86)/cypress/psoc creator/4.2/psoc creator/import/gnu/arm/5.4.1/bin/../lib/gcc/arm-none-eabi/5.4.1/../../../../arm-none-eabi/lib/armv7-m\libg_nano.a(lib_a-memset.o)

.debug_str      0x00000000     0x20ac
 *(.debug_str)
 .debug_str     0x00000000      0x2fa .\CortexM3\ARM_GCC_541\Debug\main.o
                                0x359 (size before relaxing)
 .debug_str     0x000002fa      0x17d .\CortexM3\ARM_GCC_541\Debug\cyfitter_cfg.o
                                0x30a (size before relaxing)
 .debug_str     0x00000477       0x75 .\CortexM3\ARM_GCC_541\Debug\cymetadata.o
                                0x1d5 (size before relaxing)
 .debug_str     0x000004ec      0x154 .\CortexM3\ARM_GCC_541\Debug\Cm3Start.o
                                0x30b (size before relaxing)
 .debug_str     0x00000640      0x13f .\CortexM3\ARM_GCC_541\Debug\potrobika.a(LEFT_PWM.o)
                                0x2e8 (size before relaxing)
 .debug_str     0x0000077f       0x64 .\CortexM3\ARM_GCC_541\Debug\potrobika.a(IR_FL1.o)
                                0x1d8 (size before relaxing)
 .debug_str     0x000007e3       0x54 .\CortexM3\ARM_GCC_541\Debug\potrobika.a(IR_FR2.o)
                                0x1d8 (size before relaxing)
 .debug_str     0x00000837       0x64 .\CortexM3\ARM_GCC_541\Debug\potrobika.a(BSTARTGOMB.o)
                                0x1ec (size before relaxing)
 .debug_str     0x0000089b      0x11a .\CortexM3\ARM_GCC_541\Debug\potrobika.a(RIGHT_PWM.o)
                                0x2f6 (size before relaxing)
 .debug_str     0x000009b5       0x73 .\CortexM3\ARM_GCC_541\Debug\potrobika.a(LEFT_MOTOR_DIR.o)
                                0x200 (size before relaxing)
 .debug_str     0x00000a28       0x77 .\CortexM3\ARM_GCC_541\Debug\potrobika.a(RIGHT_MOTOR_DIR.o)
                                0x205 (size before relaxing)
 .debug_str     0x00000a9f       0x60 .\CortexM3\ARM_GCC_541\Debug\potrobika.a(BSTOPGOMB.o)
                                0x1e7 (size before relaxing)
 .debug_str     0x00000aff       0x4f .\CortexM3\ARM_GCC_541\Debug\potrobika.a(BLED3.o)
                                0x1d3 (size before relaxing)
 .debug_str     0x00000b4e      0x392 .\CortexM3\ARM_GCC_541\Debug\potrobika.a(CyDmac.o)
                                0x53b (size before relaxing)
 .debug_str     0x00000ee0      0x7c9 .\CortexM3\ARM_GCC_541\Debug\potrobika.a(CyLib.o)
                                0xa38 (size before relaxing)
 .debug_str     0x000016a9      0x365 .\CortexM3\ARM_GCC_541\Debug\potrobika.a(cyPm.o)
                                0x724 (size before relaxing)
 .debug_str     0x00001a0e      0x219 .\CortexM3\ARM_GCC_541\Debug\potrobika.a(ADC_pot.o)
                                0x47c (size before relaxing)
 .debug_str     0x00001c27       0x31 .\CortexM3\ARM_GCC_541\Debug\potrobika.a(ADC_pot_INT.o)
                                0x188 (size before relaxing)
 .debug_str     0x00001c58      0x1ed .\CortexM3\ARM_GCC_541\Debug\potrobika.a(ADC_pot_theACLK.o)
                                0x38a (size before relaxing)
 .debug_str     0x00001e45      0x1bb .\CortexM3\ARM_GCC_541\Debug\potrobika.a(CyFlash.o)
                                0x3b1 (size before relaxing)
 .debug_str     0x00002000       0xac .\CortexM3\ARM_GCC_541\Debug\potrobika.a(CySpc.o)
                                0x329 (size before relaxing)

.debug_loc      0x00000000     0x2d04
 *(.debug_loc)
 .debug_loc     0x00000000      0x1b3 .\CortexM3\ARM_GCC_541\Debug\main.o
 .debug_loc     0x000001b3      0x1fd .\CortexM3\ARM_GCC_541\Debug\cyfitter_cfg.o
 .debug_loc     0x000003b0      0x144 .\CortexM3\ARM_GCC_541\Debug\Cm3Start.o
 .debug_loc     0x000004f4       0x13 .\CortexM3\ARM_GCC_541\Debug\potrobika.a(LEFT_PWM.o)
 .debug_loc     0x00000507       0x42 .\CortexM3\ARM_GCC_541\Debug\potrobika.a(IR_FL1.o)
 .debug_loc     0x00000549       0x42 .\CortexM3\ARM_GCC_541\Debug\potrobika.a(IR_FR2.o)
 .debug_loc     0x0000058b       0x42 .\CortexM3\ARM_GCC_541\Debug\potrobika.a(BSTARTGOMB.o)
 .debug_loc     0x000005cd       0x13 .\CortexM3\ARM_GCC_541\Debug\potrobika.a(RIGHT_PWM.o)
 .debug_loc     0x000005e0       0x42 .\CortexM3\ARM_GCC_541\Debug\potrobika.a(LEFT_MOTOR_DIR.o)
 .debug_loc     0x00000622       0x42 .\CortexM3\ARM_GCC_541\Debug\potrobika.a(RIGHT_MOTOR_DIR.o)
 .debug_loc     0x00000664       0x42 .\CortexM3\ARM_GCC_541\Debug\potrobika.a(BSTOPGOMB.o)
 .debug_loc     0x000006a6       0x42 .\CortexM3\ARM_GCC_541\Debug\potrobika.a(BLED3.o)
 .debug_loc     0x000006e8      0xb8e .\CortexM3\ARM_GCC_541\Debug\potrobika.a(CyDmac.o)
 .debug_loc     0x00001276      0xa11 .\CortexM3\ARM_GCC_541\Debug\potrobika.a(CyLib.o)
 .debug_loc     0x00001c87      0x1e4 .\CortexM3\ARM_GCC_541\Debug\potrobika.a(cyPm.o)
 .debug_loc     0x00001e6b      0x295 .\CortexM3\ARM_GCC_541\Debug\potrobika.a(ADC_pot.o)
 .debug_loc     0x00002100      0x14d .\CortexM3\ARM_GCC_541\Debug\potrobika.a(ADC_pot_theACLK.o)
 .debug_loc     0x0000224d      0x3b2 .\CortexM3\ARM_GCC_541\Debug\potrobika.a(CyFlash.o)
 .debug_loc     0x000025ff      0x705 .\CortexM3\ARM_GCC_541\Debug\potrobika.a(CySpc.o)

.debug_macinfo
 *(.debug_macinfo)

.debug_ranges   0x00000000      0x868
 *(.debug_ranges)
 .debug_ranges  0x00000000       0x20 .\CortexM3\ARM_GCC_541\Debug\main.o
 .debug_ranges  0x00000020       0x48 .\CortexM3\ARM_GCC_541\Debug\cyfitter_cfg.o
 .debug_ranges  0x00000068       0x38 .\CortexM3\ARM_GCC_541\Debug\Cm3Start.o
 .debug_ranges  0x000000a0       0x68 .\CortexM3\ARM_GCC_541\Debug\potrobika.a(LEFT_PWM.o)
 .debug_ranges  0x00000108       0x28 .\CortexM3\ARM_GCC_541\Debug\potrobika.a(IR_FL1.o)
 .debug_ranges  0x00000130       0x28 .\CortexM3\ARM_GCC_541\Debug\potrobika.a(IR_FR2.o)
 .debug_ranges  0x00000158       0x28 .\CortexM3\ARM_GCC_541\Debug\potrobika.a(BSTARTGOMB.o)
 .debug_ranges  0x00000180       0x68 .\CortexM3\ARM_GCC_541\Debug\potrobika.a(RIGHT_PWM.o)
 .debug_ranges  0x000001e8       0x28 .\CortexM3\ARM_GCC_541\Debug\potrobika.a(LEFT_MOTOR_DIR.o)
 .debug_ranges  0x00000210       0x28 .\CortexM3\ARM_GCC_541\Debug\potrobika.a(RIGHT_MOTOR_DIR.o)
 .debug_ranges  0x00000238       0x28 .\CortexM3\ARM_GCC_541\Debug\potrobika.a(BSTOPGOMB.o)
 .debug_ranges  0x00000260       0x28 .\CortexM3\ARM_GCC_541\Debug\potrobika.a(BLED3.o)
 .debug_ranges  0x00000288       0xc8 .\CortexM3\ARM_GCC_541\Debug\potrobika.a(CyDmac.o)
 .debug_ranges  0x00000350      0x290 .\CortexM3\ARM_GCC_541\Debug\potrobika.a(CyLib.o)
 .debug_ranges  0x000005e0       0x88 .\CortexM3\ARM_GCC_541\Debug\potrobika.a(cyPm.o)
 .debug_ranges  0x00000668       0x98 .\CortexM3\ARM_GCC_541\Debug\potrobika.a(ADC_pot.o)
 .debug_ranges  0x00000700       0x10 .\CortexM3\ARM_GCC_541\Debug\potrobika.a(ADC_pot_INT.o)
 .debug_ranges  0x00000710       0x70 .\CortexM3\ARM_GCC_541\Debug\potrobika.a(ADC_pot_theACLK.o)
 .debug_ranges  0x00000780       0x78 .\CortexM3\ARM_GCC_541\Debug\potrobika.a(CyFlash.o)
 .debug_ranges  0x000007f8       0x70 .\CortexM3\ARM_GCC_541\Debug\potrobika.a(CySpc.o)

.comment        0x00000000       0x6e
 .comment       0x00000000       0x6e .\CortexM3\ARM_GCC_541\Debug\main.o
                                 0x6f (size before relaxing)
 .comment       0x0000006e       0x6f .\CortexM3\ARM_GCC_541\Debug\cyfitter_cfg.o
 .comment       0x0000006e       0x6f .\CortexM3\ARM_GCC_541\Debug\cymetadata.o
 .comment       0x0000006e       0x6f .\CortexM3\ARM_GCC_541\Debug\Cm3Start.o
 .comment       0x0000006e       0x6f .\CortexM3\ARM_GCC_541\Debug\potrobika.a(LEFT_PWM.o)
 .comment       0x0000006e       0x6f .\CortexM3\ARM_GCC_541\Debug\potrobika.a(IR_FL1.o)
 .comment       0x0000006e       0x6f .\CortexM3\ARM_GCC_541\Debug\potrobika.a(IR_FR2.o)
 .comment       0x0000006e       0x6f .\CortexM3\ARM_GCC_541\Debug\potrobika.a(BSTARTGOMB.o)
 .comment       0x0000006e       0x6f .\CortexM3\ARM_GCC_541\Debug\potrobika.a(RIGHT_PWM.o)
 .comment       0x0000006e       0x6f .\CortexM3\ARM_GCC_541\Debug\potrobika.a(LEFT_MOTOR_DIR.o)
 .comment       0x0000006e       0x6f .\CortexM3\ARM_GCC_541\Debug\potrobika.a(RIGHT_MOTOR_DIR.o)
 .comment       0x0000006e       0x6f .\CortexM3\ARM_GCC_541\Debug\potrobika.a(BSTOPGOMB.o)
 .comment       0x0000006e       0x6f .\CortexM3\ARM_GCC_541\Debug\potrobika.a(BLED3.o)
 .comment       0x0000006e       0x6f .\CortexM3\ARM_GCC_541\Debug\potrobika.a(CyDmac.o)
 .comment       0x0000006e       0x6f .\CortexM3\ARM_GCC_541\Debug\potrobika.a(CyLib.o)
 .comment       0x0000006e       0x6f .\CortexM3\ARM_GCC_541\Debug\potrobika.a(cyPm.o)
 .comment       0x0000006e       0x6f .\CortexM3\ARM_GCC_541\Debug\potrobika.a(ADC_pot.o)
 .comment       0x0000006e       0x6f .\CortexM3\ARM_GCC_541\Debug\potrobika.a(ADC_pot_INT.o)
 .comment       0x0000006e       0x6f .\CortexM3\ARM_GCC_541\Debug\potrobika.a(ADC_pot_theACLK.o)
 .comment       0x0000006e       0x6f .\CortexM3\ARM_GCC_541\Debug\potrobika.a(CyFlash.o)
 .comment       0x0000006e       0x6f .\CortexM3\ARM_GCC_541\Debug\potrobika.a(CySpc.o)

.debug_weaknames
 *(.debug_weaknames)

.debug_funcnames
 *(.debug_funcnames)

.debug_typenames
 *(.debug_typenames)

.debug_varnames
 *(.debug_varnames)

.note.gnu.arm.ident
 *(.note.gnu.arm.ident)

.ARM.attributes
                0x00000000       0x29
 *(.ARM.attributes)
 .ARM.attributes
                0x00000000       0x1d c:/program files (x86)/cypress/psoc creator/4.2/psoc creator/import/gnu/arm/5.4.1/bin/../lib/gcc/arm-none-eabi/5.4.1/armv7-m/crti.o
 .ARM.attributes
                0x0000001d       0x2d c:/program files (x86)/cypress/psoc creator/4.2/psoc creator/import/gnu/arm/5.4.1/bin/../lib/gcc/arm-none-eabi/5.4.1/armv7-m/crtbegin.o
 .ARM.attributes
                0x0000004a       0x1b c:/program files (x86)/cypress/psoc creator/4.2/psoc creator/import/gnu/arm/5.4.1/bin/../lib/gcc/arm-none-eabi/5.4.1/../../../../arm-none-eabi/lib/armv7-m/crt0.o
 .ARM.attributes
                0x00000065       0x33 .\CortexM3\ARM_GCC_541\Debug\main.o
 .ARM.attributes
                0x00000098       0x33 .\CortexM3\ARM_GCC_541\Debug\cyfitter_cfg.o
 .ARM.attributes
                0x000000cb       0x33 .\CortexM3\ARM_GCC_541\Debug\cymetadata.o
 .ARM.attributes
                0x000000fe       0x33 .\CortexM3\ARM_GCC_541\Debug\Cm3Start.o
 .ARM.attributes
                0x00000131       0x33 .\CortexM3\ARM_GCC_541\Debug\potrobika.a(LEFT_PWM.o)
 .ARM.attributes
                0x00000164       0x33 .\CortexM3\ARM_GCC_541\Debug\potrobika.a(IR_FL1.o)
 .ARM.attributes
                0x00000197       0x33 .\CortexM3\ARM_GCC_541\Debug\potrobika.a(IR_FR2.o)
 .ARM.attributes
                0x000001ca       0x33 .\CortexM3\ARM_GCC_541\Debug\potrobika.a(BSTARTGOMB.o)
 .ARM.attributes
                0x000001fd       0x33 .\CortexM3\ARM_GCC_541\Debug\potrobika.a(RIGHT_PWM.o)
 .ARM.attributes
                0x00000230       0x33 .\CortexM3\ARM_GCC_541\Debug\potrobika.a(LEFT_MOTOR_DIR.o)
 .ARM.attributes
                0x00000263       0x33 .\CortexM3\ARM_GCC_541\Debug\potrobika.a(RIGHT_MOTOR_DIR.o)
 .ARM.attributes
                0x00000296       0x33 .\CortexM3\ARM_GCC_541\Debug\potrobika.a(BSTOPGOMB.o)
 .ARM.attributes
                0x000002c9       0x33 .\CortexM3\ARM_GCC_541\Debug\potrobika.a(BLED3.o)
 .ARM.attributes
                0x000002fc       0x33 .\CortexM3\ARM_GCC_541\Debug\potrobika.a(CyDmac.o)
 .ARM.attributes
                0x0000032f       0x33 .\CortexM3\ARM_GCC_541\Debug\potrobika.a(CyLib.o)
 .ARM.attributes
                0x00000362       0x33 .\CortexM3\ARM_GCC_541\Debug\potrobika.a(cyPm.o)
 .ARM.attributes
                0x00000395       0x33 .\CortexM3\ARM_GCC_541\Debug\potrobika.a(ADC_pot.o)
 .ARM.attributes
                0x000003c8       0x33 .\CortexM3\ARM_GCC_541\Debug\potrobika.a(ADC_pot_INT.o)
 .ARM.attributes
                0x000003fb       0x33 .\CortexM3\ARM_GCC_541\Debug\potrobika.a(ADC_pot_theACLK.o)
 .ARM.attributes
                0x0000042e       0x21 .\CortexM3\ARM_GCC_541\Debug\potrobika.a(CyBootAsmGnu.o)
 .ARM.attributes
                0x0000044f       0x33 .\CortexM3\ARM_GCC_541\Debug\potrobika.a(CyFlash.o)
 .ARM.attributes
                0x00000482       0x33 .\CortexM3\ARM_GCC_541\Debug\potrobika.a(CySpc.o)
 .ARM.attributes
                0x000004b5       0x1d c:/program files (x86)/cypress/psoc creator/4.2/psoc creator/import/gnu/arm/5.4.1/bin/../lib/gcc/arm-none-eabi/5.4.1/armv7-m\libgcc.a(_arm_addsubdf3.o)
 .ARM.attributes
                0x000004d2       0x1d c:/program files (x86)/cypress/psoc creator/4.2/psoc creator/import/gnu/arm/5.4.1/bin/../lib/gcc/arm-none-eabi/5.4.1/armv7-m\libgcc.a(_arm_muldivdf3.o)
 .ARM.attributes
                0x000004ef       0x1d c:/program files (x86)/cypress/psoc creator/4.2/psoc creator/import/gnu/arm/5.4.1/bin/../lib/gcc/arm-none-eabi/5.4.1/armv7-m\libgcc.a(_arm_fixdfsi.o)
 .ARM.attributes
                0x0000050c       0x1d c:/program files (x86)/cypress/psoc creator/4.2/psoc creator/import/gnu/arm/5.4.1/bin/../lib/gcc/arm-none-eabi/5.4.1/armv7-m\libgcc.a(_arm_addsubsf3.o)
 .ARM.attributes
                0x00000529       0x1d c:/program files (x86)/cypress/psoc creator/4.2/psoc creator/import/gnu/arm/5.4.1/bin/../lib/gcc/arm-none-eabi/5.4.1/armv7-m\libgcc.a(_arm_muldivsf3.o)
 .ARM.attributes
                0x00000546       0x1d c:/program files (x86)/cypress/psoc creator/4.2/psoc creator/import/gnu/arm/5.4.1/bin/../lib/gcc/arm-none-eabi/5.4.1/armv7-m\libgcc.a(_aeabi_ldivmod.o)
 .ARM.attributes
                0x00000563       0x2d c:/program files (x86)/cypress/psoc creator/4.2/psoc creator/import/gnu/arm/5.4.1/bin/../lib/gcc/arm-none-eabi/5.4.1/armv7-m\libgcc.a(_udivmoddi4.o)
 .ARM.attributes
                0x00000590       0x1d c:/program files (x86)/cypress/psoc creator/4.2/psoc creator/import/gnu/arm/5.4.1/bin/../lib/gcc/arm-none-eabi/5.4.1/armv7-m\libgcc.a(_dvmd_tls.o)
 .ARM.attributes
                0x000005ad       0x2d c:/program files (x86)/cypress/psoc creator/4.2/psoc creator/import/gnu/arm/5.4.1/bin/../lib/gcc/arm-none-eabi/5.4.1/../../../../arm-none-eabi/lib/armv7-m\libg_nano.a(lib_a-errno.o)
 .ARM.attributes
                0x000005da       0x2d c:/program files (x86)/cypress/psoc creator/4.2/psoc creator/import/gnu/arm/5.4.1/bin/../lib/gcc/arm-none-eabi/5.4.1/../../../../arm-none-eabi/lib/armv7-m\libg_nano.a(lib_a-exit.o)
 .ARM.attributes
                0x00000607       0x2d c:/program files (x86)/cypress/psoc creator/4.2/psoc creator/import/gnu/arm/5.4.1/bin/../lib/gcc/arm-none-eabi/5.4.1/../../../../arm-none-eabi/lib/armv7-m\libg_nano.a(lib_a-impure.o)
 .ARM.attributes
                0x00000634       0x2d c:/program files (x86)/cypress/psoc creator/4.2/psoc creator/import/gnu/arm/5.4.1/bin/../lib/gcc/arm-none-eabi/5.4.1/../../../../arm-none-eabi/lib/armv7-m\libg_nano.a(lib_a-init.o)
 .ARM.attributes
                0x00000661       0x2d c:/program files (x86)/cypress/psoc creator/4.2/psoc creator/import/gnu/arm/5.4.1/bin/../lib/gcc/arm-none-eabi/5.4.1/../../../../arm-none-eabi/lib/armv7-m\libg_nano.a(lib_a-memcpy-stub.o)
 .ARM.attributes
                0x0000068e       0x2d c:/program files (x86)/cypress/psoc creator/4.2/psoc creator/import/gnu/arm/5.4.1/bin/../lib/gcc/arm-none-eabi/5.4.1/../../../../arm-none-eabi/lib/armv7-m\libg_nano.a(lib_a-memset.o)
 .ARM.attributes
                0x000006bb       0x2d c:/program files (x86)/cypress/psoc creator/4.2/psoc creator/import/gnu/arm/5.4.1/bin/../lib/gcc/arm-none-eabi/5.4.1/armv7-m/crtend.o
 .ARM.attributes
                0x000006e8       0x1d c:/program files (x86)/cypress/psoc creator/4.2/psoc creator/import/gnu/arm/5.4.1/bin/../lib/gcc/arm-none-eabi/5.4.1/armv7-m/crtn.o

/DISCARD/
 *(.note.GNU-stack)
OUTPUT(C:\beagyazott rendszerek\potrobika\potrobika.cydsn\CortexM3\ARM_GCC_541\Debug\potrobika.elf elf32-littlearm)
